../Drivers/CMSIS/Include/core_cm7.h:2229:22:SCB_EnableICache	4	static,ignoring_inline_asm
../Drivers/CMSIS/Include/core_cm7.h:2281:22:SCB_EnableDCache	24	static,ignoring_inline_asm
../Core/Src/main.c:132:5:main	16	static
../Core/Src/main.c:302:6:SystemClock_Config	88	static
../Core/Src/main.c:359:13:MX_CRC_Init	8	static
../Core/Src/main.c:390:13:MX_ETH_Init	8	static
../Core/Src/main.c:439:13:MX_TIM14_Init	8	static
../Core/Src/main.c:470:13:MX_USART3_UART_Init	8	static
../Core/Src/main.c:505:13:MX_USB_OTG_FS_PCD_Init	8	static
../Core/Src/main.c:540:13:MX_GPIO_Init	56	static
../Core/Src/main.c:591:10:get_y_pred	24	static
../Core/Src/main.c:608:6:Error_Handler	4	static,ignoring_inline_asm
