Archive member included to satisfy reference by file (symbol)

../Middlewares/ST/AI/Lib/NetworkRuntime810_CM7_GCC.a(ai_datatypes_format.o)
                              ./Core/Src/online_training.o (ai_array_get_byte_size)
../Middlewares/ST/AI/Lib/NetworkRuntime810_CM7_GCC.a(ai_platform.o)
                              ./X-CUBE-AI/App/combination.o (ai_buffer_array_item_set_address)
../Middlewares/ST/AI/Lib/NetworkRuntime810_CM7_GCC.a(ai_platform_interface.o)
                              ./X-CUBE-AI/App/combination.o (ai_platform_get_weights_map)
../Middlewares/ST/AI/Lib/NetworkRuntime810_CM7_GCC.a(core_common.o)
                              ../Middlewares/ST/AI/Lib/NetworkRuntime810_CM7_GCC.a(ai_platform_interface.o) (core_init)
../Middlewares/ST/AI/Lib/NetworkRuntime810_CM7_GCC.a(core_mem_manager.o)
                              ../Middlewares/ST/AI/Lib/NetworkRuntime810_CM7_GCC.a(ai_platform_interface.o) (core_mem_alloc)
../Middlewares/ST/AI/Lib/NetworkRuntime810_CM7_GCC.a(layers.o)
                              ../Middlewares/ST/AI/Lib/NetworkRuntime810_CM7_GCC.a(ai_platform_interface.o) (ai_check_custom_types)
../Middlewares/ST/AI/Lib/NetworkRuntime810_CM7_GCC.a(layers_conv2d_generic_float.o)
                              ./X-CUBE-AI/App/combination.o (forward_conv2d_if32of32wf32)
../Middlewares/ST/AI/Lib/NetworkRuntime810_CM7_GCC.a(layers_conv2d_stm32_integer.o)
                              ../Middlewares/ST/AI/Lib/NetworkRuntime810_CM7_GCC.a(layers.o) (get_conv2d_scratch_size)
../Middlewares/ST/AI/Lib/NetworkRuntime810_CM7_GCC.a(layers_generic_float.o)
                              ./X-CUBE-AI/App/combination.o (forward_eltwise)
../Middlewares/ST/AI/Lib/NetworkRuntime810_CM7_GCC.a(layers_nl_generic_float.o)
                              ./X-CUBE-AI/App/combination.o (forward_relu)
../Middlewares/ST/AI/Lib/NetworkRuntime810_CM7_GCC.a(layers_pad_generic.o)
                              ../Middlewares/ST/AI/Lib/NetworkRuntime810_CM7_GCC.a(layers_generic_float.o) (forward_pad_8bit_ch1st_3x3_constant)
../Middlewares/ST/AI/Lib/NetworkRuntime810_CM7_GCC.a(forward_lite_conv2d_if32of32wf32.o)
                              ../Middlewares/ST/AI/Lib/NetworkRuntime810_CM7_GCC.a(layers_conv2d_generic_float.o) (forward_lite_conv2d_if32of32wf32)
../Middlewares/ST/AI/Lib/NetworkRuntime810_CM7_GCC.a(lite_dense_if32.o)
                              ../Middlewares/ST/AI/Lib/NetworkRuntime810_CM7_GCC.a(layers_conv2d_generic_float.o) (forward_lite_dense_if32of32wf32)
../Middlewares/ST/AI/Lib/NetworkRuntime810_CM7_GCC.a(lite_generic_float.o)
                              ../Middlewares/ST/AI/Lib/NetworkRuntime810_CM7_GCC.a(layers_generic_float.o) (forward_lite_topK_axis_0_if32of32)
../Middlewares/ST/AI/Lib/NetworkRuntime810_CM7_GCC.a(forward_lite_pad_generic.o)
                              ../Middlewares/ST/AI/Lib/NetworkRuntime810_CM7_GCC.a(layers_pad_generic.o) (forward_lite_pad_8bit_ch1st_3x3_constant)
../Middlewares/ST/AI/Lib/NetworkRuntime810_CM7_GCC.a(st_convolve_reference.o)
                              ../Middlewares/ST/AI/Lib/NetworkRuntime810_CM7_GCC.a(layers_conv2d_stm32_integer.o) (align_factor)
../Middlewares/ST/AI/Lib/NetworkRuntime810_CM7_GCC.a(st_sssa8_ch_convolve.o)
                              ../Middlewares/ST/AI/Lib/NetworkRuntime810_CM7_GCC.a(layers_conv2d_stm32_integer.o) (st_sssa8_ch_convolve_rank1upd)
../Middlewares/ST/AI/Lib/NetworkRuntime810_CM7_GCC.a(st_sssa8_convolve.o)
                              ../Middlewares/ST/AI/Lib/NetworkRuntime810_CM7_GCC.a(layers_conv2d_stm32_integer.o) (st_sssa8_convolve_rank1upd)
../Middlewares/ST/AI/Lib/NetworkRuntime810_CM7_GCC.a(st_sssa8_convolve_1x1.o)
                              ../Middlewares/ST/AI/Lib/NetworkRuntime810_CM7_GCC.a(layers_conv2d_stm32_integer.o) (st_sssa8_convolve_1x1_WeightsPrefetch)
../Middlewares/ST/AI/Lib/NetworkRuntime810_CM7_GCC.a(st_sssa8_convolve_dw.o)
                              ../Middlewares/ST/AI/Lib/NetworkRuntime810_CM7_GCC.a(layers_conv2d_stm32_integer.o) (st_sssa8_conv_dw_Wadapt)
../Middlewares/ST/AI/Lib/NetworkRuntime810_CM7_GCC.a(st_sssa8_convolve_rgb.o)
                              ../Middlewares/ST/AI/Lib/NetworkRuntime810_CM7_GCC.a(layers_conv2d_stm32_integer.o) (st_sssa8_convolve_rgb)
../Middlewares/ST/AI/Lib/NetworkRuntime810_CM7_GCC.a(st_ssua8_ch_convolve.o)
                              ../Middlewares/ST/AI/Lib/NetworkRuntime810_CM7_GCC.a(layers_conv2d_stm32_integer.o) (st_ssua8_ch_convolve_rank1upd)
../Middlewares/ST/AI/Lib/NetworkRuntime810_CM7_GCC.a(st_ssua8_ch_convolve_1x1.o)
                              ../Middlewares/ST/AI/Lib/NetworkRuntime810_CM7_GCC.a(layers_conv2d_stm32_integer.o) (st_ssua8_ch_convolve_1x1)
../Middlewares/ST/AI/Lib/NetworkRuntime810_CM7_GCC.a(st_ssua8_ch_convolve_dw.o)
                              ../Middlewares/ST/AI/Lib/NetworkRuntime810_CM7_GCC.a(layers_conv2d_stm32_integer.o) (st_ssua8_ch_conv_dw_Wadapt)
[...]
Memory Configuration

Name             Origin             Length             Attributes
RAM              0x0000000020000000 0x0000000000050000 xrw
FLASH            0x0000000008000000 0x0000000000100000 xr
*default*        0x0000000000000000 0xffffffffffffffff

Linker script and memory map

LOAD /Applications/STM32CubeIDE.app/Contents/Eclipse/plugins/com.st.stm32cube.ide.mcu.externaltools.gnu-tools-for-stm32.11.3.rel1.macos64_1.1.100.202310310803/tools/bin/../lib/gcc/arm-none-eabi/11.3.1/thumb/v7e-m+fp/hard/crti.o
LOAD /Applications/STM32CubeIDE.app/Contents/Eclipse/plugins/com.st.stm32cube.ide.mcu.externaltools.gnu-tools-for-stm32.11.3.rel1.macos64_1.1.100.202310310803/tools/bin/../lib/gcc/arm-none-eabi/11.3.1/thumb/v7e-m+fp/hard/crtbegin.o
LOAD /Applications/STM32CubeIDE.app/Contents/Eclipse/plugins/com.st.stm32cube.ide.mcu.externaltools.gnu-tools-for-stm32.11.3.rel1.macos64_1.1.100.202310310803/tools/bin/../lib/gcc/arm-none-eabi/11.3.1/../../../../arm-none-eabi/lib/thumb/v7e-m+fp/hard/crt0.o
LOAD ./Core/Src/main.o
LOAD ./Core/Src/online_training.o
LOAD ./Core/Src/stm32f7xx_hal_msp.o
LOAD ./Core/Src/stm32f7xx_it.o
LOAD ./Core/Src/sysmem.o
LOAD ./Core/Src/system_stm32f7xx.o
LOAD ./Core/Startup/startup_stm32f756zgtx.o
LOAD ./Drivers/STM32F7xx_HAL_Driver/Src/stm32f7xx_hal.o
LOAD ./Drivers/STM32F7xx_HAL_Driver/Src/stm32f7xx_hal_cortex.o
LOAD ./Drivers/STM32F7xx_HAL_Driver/Src/stm32f7xx_hal_crc.o
LOAD ./Drivers/STM32F7xx_HAL_Driver/Src/stm32f7xx_hal_crc_ex.o
LOAD ./Drivers/STM32F7xx_HAL_Driver/Src/stm32f7xx_hal_dma.o
LOAD ./Drivers/STM32F7xx_HAL_Driver/Src/stm32f7xx_hal_dma_ex.o
LOAD ./Drivers/STM32F7xx_HAL_Driver/Src/stm32f7xx_hal_eth.o
LOAD ./Drivers/STM32F7xx_HAL_Driver/Src/stm32f7xx_hal_exti.o
LOAD ./Drivers/STM32F7xx_HAL_Driver/Src/stm32f7xx_hal_flash.o
LOAD ./Drivers/STM32F7xx_HAL_Driver/Src/stm32f7xx_hal_flash_ex.o
LOAD ./Drivers/STM32F7xx_HAL_Driver/Src/stm32f7xx_hal_gpio.o
LOAD ./Drivers/STM32F7xx_HAL_Driver/Src/stm32f7xx_hal_i2c.o
LOAD ./Drivers/STM32F7xx_HAL_Driver/Src/stm32f7xx_hal_i2c_ex.o
LOAD ./Drivers/STM32F7xx_HAL_Driver/Src/stm32f7xx_hal_pcd.o
LOAD ./Drivers/STM32F7xx_HAL_Driver/Src/stm32f7xx_hal_pcd_ex.o
LOAD ./Drivers/STM32F7xx_HAL_Driver/Src/stm32f7xx_hal_pwr.o
LOAD ./Drivers/STM32F7xx_HAL_Driver/Src/stm32f7xx_hal_pwr_ex.o
LOAD ./Drivers/STM32F7xx_HAL_Driver/Src/stm32f7xx_hal_rcc.o
LOAD ./Drivers/STM32F7xx_HAL_Driver/Src/stm32f7xx_hal_rcc_ex.o
LOAD ./Drivers/STM32F7xx_HAL_Driver/Src/stm32f7xx_hal_tim.o
LOAD ./Drivers/STM32F7xx_HAL_Driver/Src/stm32f7xx_hal_tim_ex.o
LOAD ./Drivers/STM32F7xx_HAL_Driver/Src/stm32f7xx_hal_uart.o
LOAD ./Drivers/STM32F7xx_HAL_Driver/Src/stm32f7xx_hal_uart_ex.o
LOAD ./Drivers/STM32F7xx_HAL_Driver/Src/stm32f7xx_ll_usb.o
LOAD ./X-CUBE-AI/App/combination.o
LOAD ./X-CUBE-AI/App/combination_data.o
LOAD ./X-CUBE-AI/App/combination_data_params.o
LOAD ../Middlewares/ST/AI/Lib/NetworkRuntime810_CM7_GCC.a
START GROUP
LOAD /Applications/STM32CubeIDE.app/Contents/Eclipse/plugins/com.st.stm32cube.ide.mcu.externaltools.gnu-tools-for-stm32.11.3.rel1.macos64_1.1.100.202310310803/tools/bin/../lib/gcc/arm-none-eabi/11.3.1/../../../../arm-none-eabi/lib/thumb/v7e-m+fp/hard/libc_nano.a
LOAD /Applications/STM32CubeIDE.app/Contents/Eclipse/plugins/com.st.stm32cube.ide.mcu.externaltools.gnu-tools-for-stm32.11.3.rel1.macos64_1.1.100.202310310803/tools/bin/../lib/gcc/arm-none-eabi/11.3.1/../../../../arm-none-eabi/lib/thumb/v7e-m+fp/hard/libm.a
END GROUP
START GROUP
LOAD /Applications/STM32CubeIDE.app/Contents/Eclipse/plugins/com.st.stm32cube.ide.mcu.externaltools.gnu-tools-for-stm32.11.3.rel1.macos64_1.1.100.202310310803/tools/bin/../lib/gcc/arm-none-eabi/11.3.1/thumb/v7e-m+fp/hard/libgcc.a
LOAD /Applications/STM32CubeIDE.app/Contents/Eclipse/plugins/com.st.stm32cube.ide.mcu.externaltools.gnu-tools-for-stm32.11.3.rel1.macos64_1.1.100.202310310803/tools/bin/../lib/gcc/arm-none-eabi/11.3.1/../../../../arm-none-eabi/lib/thumb/v7e-m+fp/hard/libc_nano.a
END GROUP
START GROUP
LOAD /Applications/STM32CubeIDE.app/Contents/Eclipse/plugins/com.st.stm32cube.ide.mcu.externaltools.gnu-tools-for-stm32.11.3.rel1.macos64_1.1.100.202310310803/tools/bin/../lib/gcc/arm-none-eabi/11.3.1/thumb/v7e-m+fp/hard/libgcc.a
LOAD /Applications/STM32CubeIDE.app/Contents/Eclipse/plugins/com.st.stm32cube.ide.mcu.externaltools.gnu-tools-for-stm32.11.3.rel1.macos64_1.1.100.202310310803/tools/bin/../lib/gcc/arm-none-eabi/11.3.1/../../../../arm-none-eabi/lib/thumb/v7e-m+fp/hard/libc_nano.a
LOAD /Applications/STM32CubeIDE.app/Contents/Eclipse/plugins/com.st.stm32cube.ide.mcu.externaltools.gnu-tools-for-stm32.11.3.rel1.macos64_1.1.100.202310310803/tools/bin/../lib/gcc/arm-none-eabi/11.3.1/../../../../arm-none-eabi/lib/thumb/v7e-m+fp/hard/libnosys.a
END GROUP
START GROUP
LOAD /Applications/STM32CubeIDE.app/Contents/Eclipse/plugins/com.st.stm32cube.ide.mcu.externaltools.gnu-tools-for-stm32.11.3.rel1.macos64_1.1.100.202310310803/tools/bin/../lib/gcc/arm-none-eabi/11.3.1/thumb/v7e-m+fp/hard/libgcc.a
LOAD /Applications/STM32CubeIDE.app/Contents/Eclipse/plugins/com.st.stm32cube.ide.mcu.externaltools.gnu-tools-for-stm32.11.3.rel1.macos64_1.1.100.202310310803/tools/bin/../lib/gcc/arm-none-eabi/11.3.1/../../../../arm-none-eabi/lib/thumb/v7e-m+fp/hard/libc_nano.a
LOAD /Applications/STM32CubeIDE.app/Contents/Eclipse/plugins/com.st.stm32cube.ide.mcu.externaltools.gnu-tools-for-stm32.11.3.rel1.macos64_1.1.100.202310310803/tools/bin/../lib/gcc/arm-none-eabi/11.3.1/../../../../arm-none-eabi/lib/thumb/v7e-m+fp/hard/libnosys.a
END GROUP
LOAD /Applications/STM32CubeIDE.app/Contents/Eclipse/plugins/com.st.stm32cube.ide.mcu.externaltools.gnu-tools-for-stm32.11.3.rel1.macos64_1.1.100.202310310803/tools/bin/../lib/gcc/arm-none-eabi/11.3.1/thumb/v7e-m+fp/hard/crtend.o
LOAD /Applications/STM32CubeIDE.app/Contents/Eclipse/plugins/com.st.stm32cube.ide.mcu.externaltools.gnu-tools-for-stm32.11.3.rel1.macos64_1.1.100.202310310803/tools/bin/../lib/gcc/arm-none-eabi/11.3.1/thumb/v7e-m+fp/hard/crtn.o
                0x0000000020050000                _estack = (ORIGIN (RAM) + LENGTH (RAM))
                0x0000000000000800                _Min_Heap_Size = 0x800
                0x0000000000000800                _Min_Stack_Size = 0x800

.isr_vector     0x0000000008000000      0x1c8
                0x0000000008000000                . = ALIGN (0x4)
 *(.isr_vector)
 .isr_vector    0x0000000008000000      0x1c8 ./Core/Startup/startup_stm32f756zgtx.o
                0x0000000008000000                g_pfnVectors
                0x00000000080001c8                . = ALIGN (0x4)

.text           0x00000000080001d0     0x9c34
                0x00000000080001d0                . = ALIGN (0x4)
 *(.text)
 .text          0x00000000080001d0       0x40 /Applications/STM32CubeIDE.app/Contents/Eclipse/plugins/com.st.stm32cube.ide.mcu.externaltools.gnu-tools-for-stm32.11.3.rel1.macos64_1.1.100.202310310803/tools/bin/../lib/gcc/arm-none-eabi/11.3.1/thumb/v7e-m+fp/hard/crtbegin.o
 .text          0x0000000008000210       0xa0 /Applications/STM32CubeIDE.app/Contents/Eclipse/plugins/com.st.stm32cube.ide.mcu.externaltools.gnu-tools-for-stm32.11.3.rel1.macos64_1.1.100.202310310803/tools/bin/../lib/gcc/arm-none-eabi/11.3.1/../../../../arm-none-eabi/lib/thumb/v7e-m+fp/hard/libc_nano.a(libc_a-memchr.o)
                0x0000000008000210                memchr
 .text          0x00000000080002b0       0x30 /Applications/STM32CubeIDE.app/Contents/Eclipse/plugins/com.st.stm32cube.ide.mcu.externaltools.gnu-tools-for-stm32.11.3.rel1.macos64_1.1.100.202310310803/tools/bin/../lib/gcc/arm-none-eabi/11.3.1/thumb/v7e-m+fp/hard/libgcc.a(_aeabi_uldivmod.o)
                0x00000000080002b0                __aeabi_uldivmod
 .text          0x00000000080002e0      0x2c8 /Applications/STM32CubeIDE.app/Contents/Eclipse/plugins/com.st.stm32cube.ide.mcu.externaltools.gnu-tools-for-stm32.11.3.rel1.macos64_1.1.100.202310310803/tools/bin/../lib/gcc/arm-none-eabi/11.3.1/thumb/v7e-m+fp/hard/libgcc.a(_udivmoddi4.o)
                0x00000000080002e0                __udivmoddi4
 .text          0x00000000080005a8        0x4 /Applications/STM32CubeIDE.app/Contents/Eclipse/plugins/com.st.stm32cube.ide.mcu.externaltools.gnu-tools-for-stm32.11.3.rel1.macos64_1.1.100.202310310803/tools/bin/../lib/gcc/arm-none-eabi/11.3.1/thumb/v7e-m+fp/hard/libgcc.a(_dvmd_tls.o)
                0x00000000080005a8                __aeabi_ldiv0
                0x00000000080005a8                __aeabi_idiv0
 *(.text*)
 .text.SCB_EnableICache
                0x00000000080005ac       0x4c ./Core/Src/main.o
 .text.SCB_EnableDCache
                0x00000000080005f8       0x88 ./Core/Src/main.o
 .text.main     0x0000000008000680      0x2b4 ./Core/Src/main.o
                0x0000000008000680                main
 .text.SystemClock_Config
                0x0000000008000934       0xdc ./Core/Src/main.o
                0x0000000008000934                SystemClock_Config
 .text.MX_CRC_Init
                0x0000000008000a10       0x44 ./Core/Src/main.o
 .text.MX_ETH_Init
                0x0000000008000a54       0x9c ./Core/Src/main.o
 .text.MX_TIM14_Init
                0x0000000008000af0       0x48 ./Core/Src/main.o
 .text.MX_USART3_UART_Init
                0x0000000008000b38       0x60 ./Core/Src/main.o
 .text.MX_USB_OTG_FS_PCD_Init
                0x0000000008000b98       0x5c ./Core/Src/main.o
 .text.MX_GPIO_Init
                0x0000000008000bf4      0x144 ./Core/Src/main.o
 .text.get_y_pred
                0x0000000008000d38       0x60 ./Core/Src/main.o
                0x0000000008000d38                get_y_pred
 .text.Error_Handler
                0x0000000008000d98        0xa ./Core/Src/main.o
                0x0000000008000d98                Error_Handler
 *fill*         0x0000000008000da2        0x2 
 .text.ot_cache_weights
                0x0000000008000da4       0xec ./Core/Src/online_training.o
                0x0000000008000da4                ot_cache_weights
 .text.ot_observer_cb
                0x0000000008000e90       0xc4 ./Core/Src/online_training.o
                0x0000000008000e90                ot_observer_cb
 .text.ot_init  0x0000000008000f54       0x4c ./Core/Src/online_training.o
                0x0000000008000f54                ot_init
 .text.ot_update_w
                0x0000000008000fa0       0xe0 ./Core/Src/online_training.o
                0x0000000008000fa0                ot_update_w
 .text.ot_update_b
                0x0000000008001080       0xc0 ./Core/Src/online_training.o
                0x0000000008001080                ot_update_b
 .text.ot_update
                0x0000000008001140       0x44 ./Core/Src/online_training.o
                0x0000000008001140                ot_update
 .text.ot_reset_icmt_t_cache
                0x0000000008001184       0x18 ./Core/Src/online_training.o
                0x0000000008001184                ot_reset_icmt_t_cache
 .text.HAL_MspInit
                0x000000000800119c       0x48 ./Core/Src/stm32f7xx_hal_msp.o
                0x000000000800119c                HAL_MspInit
 .text.HAL_CRC_MspInit
                0x00000000080011e4       0x40 ./Core/Src/stm32f7xx_hal_msp.o
                0x00000000080011e4                HAL_CRC_MspInit
 .text.HAL_ETH_MspInit
                0x0000000008001224      0x170 ./Core/Src/stm32f7xx_hal_msp.o
                0x0000000008001224                HAL_ETH_MspInit
 .text.HAL_TIM_Base_MspInit
                0x0000000008001394       0x40 ./Core/Src/stm32f7xx_hal_msp.o
                0x0000000008001394                HAL_TIM_Base_MspInit
 .text.HAL_UART_MspInit
                0x00000000080013d4       0xc0 ./Core/Src/stm32f7xx_hal_msp.o
                0x00000000080013d4                HAL_UART_MspInit
 .text.HAL_PCD_MspInit
                0x0000000008001494       0xf4 ./Core/Src/stm32f7xx_hal_msp.o
                0x0000000008001494                HAL_PCD_MspInit
 .text.NMI_Handler
                0x0000000008001588        0x6 ./Core/Src/stm32f7xx_it.o
                0x0000000008001588                NMI_Handler
 .text.HardFault_Handler
                0x000000000800158e        0x6 ./Core/Src/stm32f7xx_it.o
                0x000000000800158e                HardFault_Handler
 .text.MemManage_Handler
                0x0000000008001594        0x6 ./Core/Src/stm32f7xx_it.o
                0x0000000008001594                MemManage_Handler
 .text.BusFault_Handler
                0x000000000800159a        0x6 ./Core/Src/stm32f7xx_it.o
                0x000000000800159a                BusFault_Handler
 .text.UsageFault_Handler
                0x00000000080015a0        0x6 ./Core/Src/stm32f7xx_it.o
                0x00000000080015a0                UsageFault_Handler
 .text.SVC_Handler
                0x00000000080015a6        0xe ./Core/Src/stm32f7xx_it.o
                0x00000000080015a6                SVC_Handler
 .text.DebugMon_Handler
                0x00000000080015b4        0xe ./Core/Src/stm32f7xx_it.o
                0x00000000080015b4                DebugMon_Handler
 .text.PendSV_Handler
                0x00000000080015c2        0xe ./Core/Src/stm32f7xx_it.o
                0x00000000080015c2                PendSV_Handler
 .text.SysTick_Handler
                0x00000000080015d0        0xc ./Core/Src/stm32f7xx_it.o
                0x00000000080015d0                SysTick_Handler
 .text._sbrk    0x00000000080015dc       0x6c ./Core/Src/sysmem.o
                0x00000000080015dc                _sbrk
 .text.SystemInit
                0x0000000008001648       0x24 ./Core/Src/system_stm32f7xx.o
                0x0000000008001648                SystemInit
 .text.Reset_Handler
                0x000000000800166c       0x50 ./Core/Startup/startup_stm32f756zgtx.o
                0x000000000800166c                Reset_Handler
 .text.Default_Handler
                0x00000000080016bc        0x2 ./Core/Startup/startup_stm32f756zgtx.o
                0x00000000080016bc                DMA1_Stream3_IRQHandler
                0x00000000080016bc                HASH_RNG_IRQHandler
                0x00000000080016bc                EXTI2_IRQHandler
                0x00000000080016bc                TIM8_CC_IRQHandler
                0x00000000080016bc                UART8_IRQHandler
                0x00000000080016bc                SPI4_IRQHandler
                0x00000000080016bc                TIM1_CC_IRQHandler
                0x00000000080016bc                DMA2_Stream5_IRQHandler
                0x00000000080016bc                DMA1_Stream5_IRQHandler
                0x00000000080016bc                PVD_IRQHandler
                0x00000000080016bc                TAMP_STAMP_IRQHandler
                0x00000000080016bc                CAN2_RX1_IRQHandler
                0x00000000080016bc                EXTI3_IRQHandler
                0x00000000080016bc                TIM8_TRG_COM_TIM14_IRQHandler
                0x00000000080016bc                TIM1_UP_TIM10_IRQHandler
                0x00000000080016bc                TIM8_UP_TIM13_IRQHandler
                0x00000000080016bc                I2C3_ER_IRQHandler
                0x00000000080016bc                EXTI0_IRQHandler
                0x00000000080016bc                I2C2_EV_IRQHandler
                0x00000000080016bc                DMA1_Stream2_IRQHandler
                0x00000000080016bc                CAN1_RX0_IRQHandler
                0x00000000080016bc                FPU_IRQHandler
                0x00000000080016bc                OTG_HS_WKUP_IRQHandler
                0x00000000080016bc                LTDC_ER_IRQHandler
                0x00000000080016bc                CAN2_SCE_IRQHandler
                0x00000000080016bc                DMA2_Stream2_IRQHandler
                0x00000000080016bc                SPI1_IRQHandler
                0x00000000080016bc                TIM6_DAC_IRQHandler
                0x00000000080016bc                TIM1_BRK_TIM9_IRQHandler
                0x00000000080016bc                DCMI_IRQHandler
                0x00000000080016bc                CAN2_RX0_IRQHandler
                0x00000000080016bc                DMA2_Stream3_IRQHandler
                0x00000000080016bc                SAI2_IRQHandler
                0x00000000080016bc                USART6_IRQHandler
                0x00000000080016bc                USART3_IRQHandler
                0x00000000080016bc                CRYP_IRQHandler
                0x00000000080016bc                CAN1_RX1_IRQHandler
                0x00000000080016bc                UART5_IRQHandler
                0x00000000080016bc                DMA2_Stream0_IRQHandler
                0x00000000080016bc                TIM4_IRQHandler
                0x00000000080016bc                QUADSPI_IRQHandler
                0x00000000080016bc                I2C1_EV_IRQHandler
                0x00000000080016bc                DMA1_Stream6_IRQHandler
                0x00000000080016bc                DMA1_Stream1_IRQHandler
                0x00000000080016bc                UART4_IRQHandler
                0x00000000080016bc                TIM3_IRQHandler
                0x00000000080016bc                RCC_IRQHandler
                0x00000000080016bc                TIM8_BRK_TIM12_IRQHandler
                0x00000000080016bc                Default_Handler
                0x00000000080016bc                CEC_IRQHandler
                0x00000000080016bc                EXTI15_10_IRQHandler
                0x00000000080016bc                ADC_IRQHandler
                0x00000000080016bc                DMA1_Stream7_IRQHandler
                0x00000000080016bc                SPI5_IRQHandler
                0x00000000080016bc                TIM7_IRQHandler
                0x00000000080016bc                SDMMC1_IRQHandler
                0x00000000080016bc                CAN2_TX_IRQHandler
                0x00000000080016bc                TIM5_IRQHandler
                0x00000000080016bc                DMA2_Stream7_IRQHandler
                0x00000000080016bc                I2C3_EV_IRQHandler
                0x00000000080016bc                EXTI9_5_IRQHandler
                0x00000000080016bc                RTC_WKUP_IRQHandler
                0x00000000080016bc                LTDC_IRQHandler
                0x00000000080016bc                ETH_WKUP_IRQHandler
                0x00000000080016bc                SPDIF_RX_IRQHandler
                0x00000000080016bc                SPI2_IRQHandler
                0x00000000080016bc                OTG_HS_EP1_IN_IRQHandler
                0x00000000080016bc                DMA1_Stream0_IRQHandler
                0x00000000080016bc                CAN1_TX_IRQHandler
                0x00000000080016bc                EXTI4_IRQHandler
                0x00000000080016bc                ETH_IRQHandler
                0x00000000080016bc                OTG_HS_EP1_OUT_IRQHandler
                0x00000000080016bc                WWDG_IRQHandler
                0x00000000080016bc                SPI6_IRQHandler
                0x00000000080016bc                I2C4_EV_IRQHandler
                0x00000000080016bc                TIM2_IRQHandler
                0x00000000080016bc                OTG_FS_WKUP_IRQHandler
                0x00000000080016bc                TIM1_TRG_COM_TIM11_IRQHandler
                0x00000000080016bc                OTG_HS_IRQHandler
                0x00000000080016bc                DMA2D_IRQHandler
                0x00000000080016bc                EXTI1_IRQHandler
                0x00000000080016bc                UART7_IRQHandler
                0x00000000080016bc                USART2_IRQHandler
                0x00000000080016bc                I2C2_ER_IRQHandler
                0x00000000080016bc                DMA2_Stream1_IRQHandler
                0x00000000080016bc                CAN1_SCE_IRQHandler
                0x00000000080016bc                FLASH_IRQHandler
                0x00000000080016bc                DMA2_Stream4_IRQHandler
                0x00000000080016bc                USART1_IRQHandler
                0x00000000080016bc                OTG_FS_IRQHandler
                0x00000000080016bc                SPI3_IRQHandler
                0x00000000080016bc                DMA1_Stream4_IRQHandler
                0x00000000080016bc                I2C1_ER_IRQHandler
                0x00000000080016bc                FMC_IRQHandler
                0x00000000080016bc                LPTIM1_IRQHandler
                0x00000000080016bc                I2C4_ER_IRQHandler
                0x00000000080016bc                DMA2_Stream6_IRQHandler
                0x00000000080016bc                SAI1_IRQHandler
                0x00000000080016bc                RTC_Alarm_IRQHandler
 .text.HAL_Init
                0x00000000080016be       0x1a ./Drivers/STM32F7xx_HAL_Driver/Src/stm32f7xx_hal.o
                0x00000000080016be                HAL_Init
 .text.HAL_InitTick
                0x00000000080016d8       0x60 ./Drivers/STM32F7xx_HAL_Driver/Src/stm32f7xx_hal.o
                0x00000000080016d8                HAL_InitTick
 .text.HAL_IncTick
                0x0000000008001738       0x28 ./Drivers/STM32F7xx_HAL_Driver/Src/stm32f7xx_hal.o
                0x0000000008001738                HAL_IncTick
 .text.HAL_GetTick
                0x0000000008001760       0x18 ./Drivers/STM32F7xx_HAL_Driver/Src/stm32f7xx_hal.o
                0x0000000008001760                HAL_GetTick
 .text.HAL_Delay
                0x0000000008001778       0x48 ./Drivers/STM32F7xx_HAL_Driver/Src/stm32f7xx_hal.o
                0x0000000008001778                HAL_Delay
 .text.__NVIC_SetPriorityGrouping
                0x00000000080017c0       0x48 ./Drivers/STM32F7xx_HAL_Driver/Src/stm32f7xx_hal_cortex.o
 .text.__NVIC_GetPriorityGrouping
                0x0000000008001808       0x1c ./Drivers/STM32F7xx_HAL_Driver/Src/stm32f7xx_hal_cortex.o
 .text.__NVIC_SetPriority
                0x0000000008001824       0x54 ./Drivers/STM32F7xx_HAL_Driver/Src/stm32f7xx_hal_cortex.o
 .text.NVIC_EncodePriority
                0x0000000008001878       0x66 ./Drivers/STM32F7xx_HAL_Driver/Src/stm32f7xx_hal_cortex.o
 *fill*         0x00000000080018de        0x2 
 .text.SysTick_Config
                0x00000000080018e0       0x44 ./Drivers/STM32F7xx_HAL_Driver/Src/stm32f7xx_hal_cortex.o
 .text.HAL_NVIC_SetPriorityGrouping
                0x0000000008001924       0x16 ./Drivers/STM32F7xx_HAL_Driver/Src/stm32f7xx_hal_cortex.o
                0x0000000008001924                HAL_NVIC_SetPriorityGrouping
 .text.HAL_NVIC_SetPriority
                0x000000000800193a       0x38 ./Drivers/STM32F7xx_HAL_Driver/Src/stm32f7xx_hal_cortex.o
                0x000000000800193a                HAL_NVIC_SetPriority
 .text.HAL_SYSTICK_Config
                0x0000000008001972       0x18 ./Drivers/STM32F7xx_HAL_Driver/Src/stm32f7xx_hal_cortex.o
                0x0000000008001972                HAL_SYSTICK_Config
 *fill*         0x000000000800198a        0x2 
 .text.HAL_CRC_Init
                0x000000000800198c       0xc8 ./Drivers/STM32F7xx_HAL_Driver/Src/stm32f7xx_hal_crc.o
                0x000000000800198c                HAL_CRC_Init
 .text.HAL_CRCEx_Polynomial_Set
                0x0000000008001a54      0x10c ./Drivers/STM32F7xx_HAL_Driver/Src/stm32f7xx_hal_crc_ex.o
                0x0000000008001a54                HAL_CRCEx_Polynomial_Set
 .text.HAL_ETH_Init
                0x0000000008001b60       0xf8 ./Drivers/STM32F7xx_HAL_Driver/Src/stm32f7xx_hal_eth.o
                0x0000000008001b60                HAL_ETH_Init
 .text.ETH_SetMACConfig
                0x0000000008001c58      0x160 ./Drivers/STM32F7xx_HAL_Driver/Src/stm32f7xx_hal_eth.o
 .text.ETH_SetDMAConfig
                0x0000000008001db8      0x114 ./Drivers/STM32F7xx_HAL_Driver/Src/stm32f7xx_hal_eth.o
 .text.ETH_MACDMAConfig
                0x0000000008001ecc       0xe4 ./Drivers/STM32F7xx_HAL_Driver/Src/stm32f7xx_hal_eth.o
 .text.ETH_MACAddressConfig
                0x0000000008001fb0       0x70 ./Drivers/STM32F7xx_HAL_Driver/Src/stm32f7xx_hal_eth.o
 .text.ETH_DMATxDescListInit
                0x0000000008002020       0xb2 ./Drivers/STM32F7xx_HAL_Driver/Src/stm32f7xx_hal_eth.o
 .text.ETH_DMARxDescListInit
                0x00000000080020d2       0xda ./Drivers/STM32F7xx_HAL_Driver/Src/stm32f7xx_hal_eth.o
 .text.HAL_GPIO_Init
                0x00000000080021ac      0x358 ./Drivers/STM32F7xx_HAL_Driver/Src/stm32f7xx_hal_gpio.o
                0x00000000080021ac                HAL_GPIO_Init
 .text.HAL_GPIO_WritePin
                0x0000000008002504       0x32 ./Drivers/STM32F7xx_HAL_Driver/Src/stm32f7xx_hal_gpio.o
                0x0000000008002504                HAL_GPIO_WritePin
 .text.HAL_PCD_Init
                0x0000000008002536      0x248 ./Drivers/STM32F7xx_HAL_Driver/Src/stm32f7xx_hal_pcd.o
                0x0000000008002536                HAL_PCD_Init
 *fill*         0x000000000800277e        0x2 
 .text.HAL_PCDEx_ActivateLPM
                0x0000000008002780       0x48 ./Drivers/STM32F7xx_HAL_Driver/Src/stm32f7xx_hal_pcd_ex.o
                0x0000000008002780                HAL_PCDEx_ActivateLPM
 .text.HAL_PWR_EnableBkUpAccess
                0x00000000080027c8       0x20 ./Drivers/STM32F7xx_HAL_Driver/Src/stm32f7xx_hal_pwr.o
                0x00000000080027c8                HAL_PWR_EnableBkUpAccess
 .text.HAL_PWREx_EnableOverDrive
                0x00000000080027e8       0xa0 ./Drivers/STM32F7xx_HAL_Driver/Src/stm32f7xx_hal_pwr_ex.o
                0x00000000080027e8                HAL_PWREx_EnableOverDrive
 .text.HAL_RCC_OscConfig
                0x0000000008002888      0x548 ./Drivers/STM32F7xx_HAL_Driver/Src/stm32f7xx_hal_rcc.o
                0x0000000008002888                HAL_RCC_OscConfig
 .text.HAL_RCC_ClockConfig
                0x0000000008002dd0      0x1d8 ./Drivers/STM32F7xx_HAL_Driver/Src/stm32f7xx_hal_rcc.o
                0x0000000008002dd0                HAL_RCC_ClockConfig
 .text.HAL_RCC_GetSysClockFreq
                0x0000000008002fa8      0x20c ./Drivers/STM32F7xx_HAL_Driver/Src/stm32f7xx_hal_rcc.o
                0x0000000008002fa8                HAL_RCC_GetSysClockFreq
 .text.HAL_RCC_GetHCLKFreq
                0x00000000080031b4       0x18 ./Drivers/STM32F7xx_HAL_Driver/Src/stm32f7xx_hal_rcc.o
                0x00000000080031b4                HAL_RCC_GetHCLKFreq
 .text.HAL_RCC_GetPCLK1Freq
                0x00000000080031cc       0x28 ./Drivers/STM32F7xx_HAL_Driver/Src/stm32f7xx_hal_rcc.o
                0x00000000080031cc                HAL_RCC_GetPCLK1Freq
 .text.HAL_RCC_GetPCLK2Freq
                0x00000000080031f4       0x28 ./Drivers/STM32F7xx_HAL_Driver/Src/stm32f7xx_hal_rcc.o
                0x00000000080031f4                HAL_RCC_GetPCLK2Freq
 .text.HAL_RCCEx_PeriphCLKConfig
                0x000000000800321c      0x7e0 ./Drivers/STM32F7xx_HAL_Driver/Src/stm32f7xx_hal_rcc_ex.o
                0x000000000800321c                HAL_RCCEx_PeriphCLKConfig
 .text.HAL_TIM_Base_Init
                0x00000000080039fc       0xae ./Drivers/STM32F7xx_HAL_Driver/Src/stm32f7xx_hal_tim.o
                0x00000000080039fc                HAL_TIM_Base_Init
 *fill*         0x0000000008003aaa        0x2 
 .text.HAL_TIM_Base_Start
                0x0000000008003aac       0xe0 ./Drivers/STM32F7xx_HAL_Driver/Src/stm32f7xx_hal_tim.o
                0x0000000008003aac                HAL_TIM_Base_Start
 .text.TIM_Base_SetConfig
                0x0000000008003b8c      0x140 ./Drivers/STM32F7xx_HAL_Driver/Src/stm32f7xx_hal_tim.o
                0x0000000008003b8c                TIM_Base_SetConfig
 .text.HAL_UART_Init
                0x0000000008003ccc       0x9c ./Drivers/STM32F7xx_HAL_Driver/Src/stm32f7xx_hal_uart.o
                0x0000000008003ccc                HAL_UART_Init
 .text.HAL_UART_Transmit
                0x0000000008003d68      0x106 ./Drivers/STM32F7xx_HAL_Driver/Src/stm32f7xx_hal_uart.o
                0x0000000008003d68                HAL_UART_Transmit
 .text.HAL_UART_Receive
                0x0000000008003e6e      0x188 ./Drivers/STM32F7xx_HAL_Driver/Src/stm32f7xx_hal_uart.o
                0x0000000008003e6e                HAL_UART_Receive
 *fill*         0x0000000008003ff6        0x2 
 .text.UART_SetConfig
                0x0000000008003ff8      0x4c8 ./Drivers/STM32F7xx_HAL_Driver/Src/stm32f7xx_hal_uart.o
                0x0000000008003ff8                UART_SetConfig
 .text.UART_AdvFeatureConfig
                0x00000000080044c0      0x144 ./Drivers/STM32F7xx_HAL_Driver/Src/stm32f7xx_hal_uart.o
                0x00000000080044c0                UART_AdvFeatureConfig
 .text.UART_CheckIdleState
                0x0000000008004604       0x6e ./Drivers/STM32F7xx_HAL_Driver/Src/stm32f7xx_hal_uart.o
                0x0000000008004604                UART_CheckIdleState
 .text.UART_WaitOnFlagUntilTimeout
                0x0000000008004672      0x18c ./Drivers/STM32F7xx_HAL_Driver/Src/stm32f7xx_hal_uart.o
                0x0000000008004672                UART_WaitOnFlagUntilTimeout
 *fill*         0x00000000080047fe        0x2 
 .text.USB_CoreInit
                0x0000000008004800       0xb0 ./Drivers/STM32F7xx_HAL_Driver/Src/stm32f7xx_ll_usb.o
                0x0000000008004800                USB_CoreInit
 .text.USB_DisableGlobalInt
                0x00000000080048b0       0x22 ./Drivers/STM32F7xx_HAL_Driver/Src/stm32f7xx_ll_usb.o
                0x00000000080048b0                USB_DisableGlobalInt
 .text.USB_SetCurrentMode
                0x00000000080048d2       0x98 ./Drivers/STM32F7xx_HAL_Driver/Src/stm32f7xx_ll_usb.o
                0x00000000080048d2                USB_SetCurrentMode
 *fill*         0x000000000800496a        0x2 
 .text.USB_DevInit
                0x000000000800496c      0x2bc ./Drivers/STM32F7xx_HAL_Driver/Src/stm32f7xx_ll_usb.o
                0x000000000800496c                USB_DevInit
 .text.USB_FlushTxFifo
                0x0000000008004c28       0x68 ./Drivers/STM32F7xx_HAL_Driver/Src/stm32f7xx_ll_usb.o
                0x0000000008004c28                USB_FlushTxFifo
 .text.USB_FlushRxFifo
                0x0000000008004c90       0x60 ./Drivers/STM32F7xx_HAL_Driver/Src/stm32f7xx_ll_usb.o
                0x0000000008004c90                USB_FlushRxFifo
 .text.USB_SetDevSpeed
                0x0000000008004cf0       0x32 ./Drivers/STM32F7xx_HAL_Driver/Src/stm32f7xx_ll_usb.o
                0x0000000008004cf0                USB_SetDevSpeed
 .text.USB_DevDisconnect
                0x0000000008004d22       0x42 ./Drivers/STM32F7xx_HAL_Driver/Src/stm32f7xx_ll_usb.o
                0x0000000008004d22                USB_DevDisconnect
 .text.USB_GetMode
                0x0000000008004d64       0x1c ./Drivers/STM32F7xx_HAL_Driver/Src/stm32f7xx_ll_usb.o
                0x0000000008004d64                USB_GetMode
 .text.USB_CoreReset
                0x0000000008004d80       0x68 ./Drivers/STM32F7xx_HAL_Driver/Src/stm32f7xx_ll_usb.o
 .text.combination_configure_activations
                0x0000000008004de8      0x2d4 ./X-CUBE-AI/App/combination.o
 .text.combination_configure_weights
                0x00000000080050bc      0x304 ./X-CUBE-AI/App/combination.o
 .text.ai_combination_get_error
                0x00000000080053c0       0x18 ./X-CUBE-AI/App/combination.o
                0x00000000080053c0                ai_combination_get_error
 .text.ai_combination_create
                0x00000000080053d8       0x2c ./X-CUBE-AI/App/combination.o
                0x00000000080053d8                ai_combination_create
 .text.ai_combination_create_and_init
                0x0000000008005404       0xe8 ./X-CUBE-AI/App/combination.o
                0x0000000008005404                ai_combination_create_and_init
 .text.ai_combination_inputs_get
                0x00000000080054ec       0x34 ./X-CUBE-AI/App/combination.o
                0x00000000080054ec                ai_combination_inputs_get
 .text.ai_combination_outputs_get
                0x0000000008005520       0x34 ./X-CUBE-AI/App/combination.o
                0x0000000008005520                ai_combination_outputs_get
 .text.ai_combination_init
                0x0000000008005554       0x78 ./X-CUBE-AI/App/combination.o
                0x0000000008005554                ai_combination_init
 .text.ai_combination_run
                0x00000000080055cc       0x20 ./X-CUBE-AI/App/combination.o
                0x00000000080055cc                ai_combination_run
 .text.ai_combination_data_params_get
                0x00000000080055ec       0x50 ./X-CUBE-AI/App/combination_data.o
                0x00000000080055ec                ai_combination_data_params_get
 .text.ai_array_to_buffer_fmt
                0x000000000800563c       0xd8 ../Middlewares/ST/AI/Lib/NetworkRuntime810_CM7_GCC.a(ai_datatypes_format.o)
                0x000000000800563c                ai_array_to_buffer_fmt
 .text.ai_array_get_byte_size
                0x0000000008005714       0x50 ../Middlewares/ST/AI/Lib/NetworkRuntime810_CM7_GCC.a(ai_datatypes_format.o)
                0x0000000008005714                ai_array_get_byte_size
 .text.ai_array_get_data_byte_size
                0x0000000008005764       0x20 ../Middlewares/ST/AI/Lib/NetworkRuntime810_CM7_GCC.a(ai_datatypes_format.o)
                0x0000000008005764                ai_array_get_data_byte_size
 .text.ai_buffer_get_size
                0x0000000008005784       0x68 ../Middlewares/ST/AI/Lib/NetworkRuntime810_CM7_GCC.a(ai_platform.o)
                0x0000000008005784                ai_buffer_get_size
 .text.ai_buffer_array_sane
                0x00000000080057ec       0x14 ../Middlewares/ST/AI/Lib/NetworkRuntime810_CM7_GCC.a(ai_platform.o)
                0x00000000080057ec                ai_buffer_array_sane
 .text.ai_buffer_array_item_set_address
                0x0000000008005800       0x20 ../Middlewares/ST/AI/Lib/NetworkRuntime810_CM7_GCC.a(ai_platform.o)
                0x0000000008005800                ai_buffer_array_item_set_address
 .text._platform_observer_node_exec_cb
                0x0000000008005820      0x124 ../Middlewares/ST/AI/Lib/NetworkRuntime810_CM7_GCC.a(ai_platform_interface.o)
 .text._ai_platform_acquire_crc
                0x0000000008005944        0x4 ../Middlewares/ST/AI/Lib/NetworkRuntime810_CM7_GCC.a(ai_platform_interface.o)
                0x0000000008005944                _ai_platform_acquire_crc
 .text._ai_platform_release_crc
                0x0000000008005948        0x4 ../Middlewares/ST/AI/Lib/NetworkRuntime810_CM7_GCC.a(ai_platform_interface.o)
                0x0000000008005948                _ai_platform_release_crc
 .text.ai_platform_get_weights_map
                0x000000000800594c       0xb0 ../Middlewares/ST/AI/Lib/NetworkRuntime810_CM7_GCC.a(ai_platform_interface.o)
                0x000000000800594c                ai_platform_get_weights_map
 .text.ai_platform_get_activations_map
                0x00000000080059fc       0xb0 ../Middlewares/ST/AI/Lib/NetworkRuntime810_CM7_GCC.a(ai_platform_interface.o)
                0x00000000080059fc                ai_platform_get_activations_map
 .text.ai_platform_bind_network_params
                0x0000000008005aac       0x34 ../Middlewares/ST/AI/Lib/NetworkRuntime810_CM7_GCC.a(ai_platform_interface.o)
                0x0000000008005aac                ai_platform_bind_network_params
 .text.ai_platform_network_get_error
                0x0000000008005ae0      0x218 ../Middlewares/ST/AI/Lib/NetworkRuntime810_CM7_GCC.a(ai_platform_interface.o)
                0x0000000008005ae0                ai_platform_network_get_error
 .text.ai_platform_network_set_error
                0x0000000008005cf8        0xc ../Middlewares/ST/AI/Lib/NetworkRuntime810_CM7_GCC.a(ai_platform_interface.o)
                0x0000000008005cf8                ai_platform_network_set_error
 .text.ai_platform_inputs_get
                0x0000000008005d04      0x318 ../Middlewares/ST/AI/Lib/NetworkRuntime810_CM7_GCC.a(ai_platform_interface.o)
                0x0000000008005d04                ai_platform_inputs_get
 .text.ai_platform_outputs_get
                0x000000000800601c      0x310 ../Middlewares/ST/AI/Lib/NetworkRuntime810_CM7_GCC.a(ai_platform_interface.o)
                0x000000000800601c                ai_platform_outputs_get
 .text.ai_platform_network_create
                0x000000000800632c      0x3b4 ../Middlewares/ST/AI/Lib/NetworkRuntime810_CM7_GCC.a(ai_platform_interface.o)
                0x000000000800632c                ai_platform_network_create
 .text.ai_platform_network_init
                0x00000000080066e0      0x338 ../Middlewares/ST/AI/Lib/NetworkRuntime810_CM7_GCC.a(ai_platform_interface.o)
                0x00000000080066e0                ai_platform_network_init
 .text.ai_platform_network_post_init
                0x0000000008006a18      0x254 ../Middlewares/ST/AI/Lib/NetworkRuntime810_CM7_GCC.a(ai_platform_interface.o)
                0x0000000008006a18                ai_platform_network_post_init
 .text.ai_platform_network_process
                0x0000000008006c6c      0x5b8 ../Middlewares/ST/AI/Lib/NetworkRuntime810_CM7_GCC.a(ai_platform_interface.o)
                0x0000000008006c6c                ai_platform_network_process
 .text.ai_platform_observer_node_info
                0x0000000008007224      0x1ac ../Middlewares/ST/AI/Lib/NetworkRuntime810_CM7_GCC.a(ai_platform_interface.o)
                0x0000000008007224                ai_platform_observer_node_info
 .text.ai_platform_observer_register
                0x00000000080073d0      0x28c ../Middlewares/ST/AI/Lib/NetworkRuntime810_CM7_GCC.a(ai_platform_interface.o)
                0x00000000080073d0                ai_platform_observer_register
 .text.core_init
                0x000000000800765c        0x4 ../Middlewares/ST/AI/Lib/NetworkRuntime810_CM7_GCC.a(core_common.o)
                0x000000000800765c                core_init
 .text.core_get_error
                0x0000000008007660        0xc ../Middlewares/ST/AI/Lib/NetworkRuntime810_CM7_GCC.a(core_common.o)
                0x0000000008007660                core_get_error
 .text.core_set_error
                0x000000000800766c       0x18 ../Middlewares/ST/AI/Lib/NetworkRuntime810_CM7_GCC.a(core_common.o)
                0x000000000800766c                core_set_error
 .text.core_mem_alloc
                0x0000000008007684       0x1c ../Middlewares/ST/AI/Lib/NetworkRuntime810_CM7_GCC.a(core_mem_manager.o)
                0x0000000008007684                core_mem_alloc
 .text.ai_check_custom_types
                0x00000000080076a0       0x50 ../Middlewares/ST/AI/Lib/NetworkRuntime810_CM7_GCC.a(layers.o)
                0x00000000080076a0                ai_check_custom_types
 .text.ai_layers_init_all
                0x00000000080076f0       0x1c ../Middlewares/ST/AI/Lib/NetworkRuntime810_CM7_GCC.a(layers.o)
                0x00000000080076f0                ai_layers_init_all
 .text.ai_layers_post_init_all
                0x000000000800770c       0x28 ../Middlewares/ST/AI/Lib/NetworkRuntime810_CM7_GCC.a(layers.o)
                0x000000000800770c                ai_layers_post_init_all
 .text.ai_layers_forward_all
                0x0000000008007734       0x90 ../Middlewares/ST/AI/Lib/NetworkRuntime810_CM7_GCC.a(layers.o)
                0x0000000008007734                ai_layers_forward_all
 .text.ai_dict_decompress_f32
                0x00000000080077c4       0xa0 ../Middlewares/ST/AI/Lib/NetworkRuntime810_CM7_GCC.a(layers_conv2d_generic_float.o)
                0x00000000080077c4                ai_dict_decompress_f32
 .text.forward_conv2d_if32of32wf32
                0x0000000008007864      0x190 ../Middlewares/ST/AI/Lib/NetworkRuntime810_CM7_GCC.a(layers_conv2d_generic_float.o)
                0x0000000008007864                forward_conv2d_if32of32wf32
 .text.forward_dense
                0x00000000080079f4      0x840 ../Middlewares/ST/AI/Lib/NetworkRuntime810_CM7_GCC.a(layers_conv2d_generic_float.o)
                0x00000000080079f4                forward_dense
 .text.forward_eltwise
                0x0000000008008234      0x258 ../Middlewares/ST/AI/Lib/NetworkRuntime810_CM7_GCC.a(layers_generic_float.o)
                0x0000000008008234                forward_eltwise
 .text.forward_relu
                0x000000000800848c      0x268 ../Middlewares/ST/AI/Lib/NetworkRuntime810_CM7_GCC.a(layers_nl_generic_float.o)
                0x000000000800848c                forward_relu
 .text.forward_sm
                0x00000000080086f4      0x114 ../Middlewares/ST/AI/Lib/NetworkRuntime810_CM7_GCC.a(layers_nl_generic_float.o)
                0x00000000080086f4                forward_sm
 .text.ai_conv2d_kernel_simple_opt_f32.constprop.0
                0x0000000008008808      0x22c ../Middlewares/ST/AI/Lib/NetworkRuntime810_CM7_GCC.a(forward_lite_conv2d_if32of32wf32.o)
 .text.forward_lite_conv2d_if32of32wf32
                0x0000000008008a34      0x2c0 ../Middlewares/ST/AI/Lib/NetworkRuntime810_CM7_GCC.a(forward_lite_conv2d_if32of32wf32.o)
                0x0000000008008a34                forward_lite_conv2d_if32of32wf32
 .text.forward_lite_dense_if32of32wf32
                0x0000000008008cf4      0x250 ../Middlewares/ST/AI/Lib/NetworkRuntime810_CM7_GCC.a(lite_dense_if32.o)
                0x0000000008008cf4                forward_lite_dense_if32of32wf32
 .text.st_int8_copy
                0x0000000008008f44      0x110 ../Middlewares/ST/AI/Lib/NetworkRuntime810_CM7_GCC.a(st_int8_fill.o)
                0x0000000008008f44                st_int8_copy
 .text.ai_sum_f32
                0x0000000008009054       0x14 ../Middlewares/ST/AI/Lib/NetworkRuntime810_CM7_GCC.a(ai_math_helpers.o)
                0x0000000008009054                ai_sum_f32
 .text.ai_sum_buffer_f32
                0x0000000008009068       0x20 ../Middlewares/ST/AI/Lib/NetworkRuntime810_CM7_GCC.a(ai_math_helpers.o)
                0x0000000008009068                ai_sum_buffer_f32
 .text.ai_version_get
                0x0000000008009088        0xc ../Middlewares/ST/AI/Lib/NetworkRuntime810_CM7_GCC.a(ai_datatypes_internal.o)
                0x0000000008009088                ai_version_get
 .text.get_tensor_byte_size
                0x0000000008009094       0x2c ../Middlewares/ST/AI/Lib/NetworkRuntime810_CM7_GCC.a(ai_datatypes_internal.o)
                0x0000000008009094                get_tensor_byte_size
 .text.core_get_broadcasted_shape
                0x00000000080090c0       0x50 ../Middlewares/ST/AI/Lib/NetworkRuntime810_CM7_GCC.a(core_utils.o)
                0x00000000080090c0                core_get_broadcasted_shape
 .text.core_compute_offsets
                0x0000000008009110      0x11c ../Middlewares/ST/AI/Lib/NetworkRuntime810_CM7_GCC.a(core_utils.o)
                0x0000000008009110                core_compute_offsets
 .text.malloc   0x000000000800922c       0x10 /Applications/STM32CubeIDE.app/Contents/Eclipse/plugins/com.st.stm32cube.ide.mcu.externaltools.gnu-tools-for-stm32.11.3.rel1.macos64_1.1.100.202310310803/tools/bin/../lib/gcc/arm-none-eabi/11.3.1/../../../../arm-none-eabi/lib/thumb/v7e-m+fp/hard/libc_nano.a(libc_a-malloc.o)
                0x000000000800922c                malloc
 .text.sbrk_aligned
                0x000000000800923c       0x40 /Applications/STM32CubeIDE.app/Contents/Eclipse/plugins/com.st.stm32cube.ide.mcu.externaltools.gnu-tools-for-stm32.11.3.rel1.macos64_1.1.100.202310310803/tools/bin/../lib/gcc/arm-none-eabi/11.3.1/../../../../arm-none-eabi/lib/thumb/v7e-m+fp/hard/libc_nano.a(libc_a-mallocr.o)
 .text._malloc_r
                0x000000000800927c      0x100 /Applications/STM32CubeIDE.app/Contents/Eclipse/plugins/com.st.stm32cube.ide.mcu.externaltools.gnu-tools-for-stm32.11.3.rel1.macos64_1.1.100.202310310803/tools/bin/../lib/gcc/arm-none-eabi/11.3.1/../../../../arm-none-eabi/lib/thumb/v7e-m+fp/hard/libc_nano.a(libc_a-mallocr.o)
                0x000000000800927c                _malloc_r
 .text.__malloc_lock
                0x000000000800937c        0xc /Applications/STM32CubeIDE.app/Contents/Eclipse/plugins/com.st.stm32cube.ide.mcu.externaltools.gnu-tools-for-stm32.11.3.rel1.macos64_1.1.100.202310310803/tools/bin/../lib/gcc/arm-none-eabi/11.3.1/../../../../arm-none-eabi/lib/thumb/v7e-m+fp/hard/libc_nano.a(libc_a-mlock.o)
                0x000000000800937c                __malloc_lock
 .text.__malloc_unlock
                0x0000000008009388        0xc /Applications/STM32CubeIDE.app/Contents/Eclipse/plugins/com.st.stm32cube.ide.mcu.externaltools.gnu-tools-for-stm32.11.3.rel1.macos64_1.1.100.202310310803/tools/bin/../lib/gcc/arm-none-eabi/11.3.1/../../../../arm-none-eabi/lib/thumb/v7e-m+fp/hard/libc_nano.a(libc_a-mlock.o)
                0x0000000008009388                __malloc_unlock
 .text.sprintf  0x0000000008009394       0x40 /Applications/STM32CubeIDE.app/Contents/Eclipse/plugins/com.st.stm32cube.ide.mcu.externaltools.gnu-tools-for-stm32.11.3.rel1.macos64_1.1.100.202310310803/tools/bin/../lib/gcc/arm-none-eabi/11.3.1/../../../../arm-none-eabi/lib/thumb/v7e-m+fp/hard/libc_nano.a(libc_a-sprintf.o)
                0x0000000008009394                sprintf
                0x0000000008009394                siprintf
 .text._realloc_r
                0x00000000080093d4       0x5e /Applications/STM32CubeIDE.app/Contents/Eclipse/plugins/com.st.stm32cube.ide.mcu.externaltools.gnu-tools-for-stm32.11.3.rel1.macos64_1.1.100.202310310803/tools/bin/../lib/gcc/arm-none-eabi/11.3.1/../../../../arm-none-eabi/lib/thumb/v7e-m+fp/hard/libc_nano.a(libc_a-reallocr.o)
                0x00000000080093d4                _realloc_r
 .text.memmove  0x0000000008009432       0x34 /Applications/STM32CubeIDE.app/Contents/Eclipse/plugins/com.st.stm32cube.ide.mcu.externaltools.gnu-tools-for-stm32.11.3.rel1.macos64_1.1.100.202310310803/tools/bin/../lib/gcc/arm-none-eabi/11.3.1/../../../../arm-none-eabi/lib/thumb/v7e-m+fp/hard/libc_nano.a(libc_a-memmove.o)
                0x0000000008009432                memmove
 .text.memset   0x0000000008009466       0x10 /Applications/STM32CubeIDE.app/Contents/Eclipse/plugins/com.st.stm32cube.ide.mcu.externaltools.gnu-tools-for-stm32.11.3.rel1.macos64_1.1.100.202310310803/tools/bin/../lib/gcc/arm-none-eabi/11.3.1/../../../../arm-none-eabi/lib/thumb/v7e-m+fp/hard/libc_nano.a(libc_a-memset.o)
                0x0000000008009466                memset
 *fill*         0x0000000008009476        0x2 
 .text._sbrk_r  0x0000000008009478       0x20 /Applications/STM32CubeIDE.app/Contents/Eclipse/plugins/com.st.stm32cube.ide.mcu.externaltools.gnu-tools-for-stm32.11.3.rel1.macos64_1.1.100.202310310803/tools/bin/../lib/gcc/arm-none-eabi/11.3.1/../../../../arm-none-eabi/lib/thumb/v7e-m+fp/hard/libc_nano.a(libc_a-sbrkr.o)
                0x0000000008009478                _sbrk_r
 .text.__errno  0x0000000008009498        0xc /Applications/STM32CubeIDE.app/Contents/Eclipse/plugins/com.st.stm32cube.ide.mcu.externaltools.gnu-tools-for-stm32.11.3.rel1.macos64_1.1.100.202310310803/tools/bin/../lib/gcc/arm-none-eabi/11.3.1/../../../../arm-none-eabi/lib/thumb/v7e-m+fp/hard/libc_nano.a(libc_a-errno.o)
                0x0000000008009498                __errno
 .text.__libc_init_array
                0x00000000080094a4       0x48 /Applications/STM32CubeIDE.app/Contents/Eclipse/plugins/com.st.stm32cube.ide.mcu.externaltools.gnu-tools-for-stm32.11.3.rel1.macos64_1.1.100.202310310803/tools/bin/../lib/gcc/arm-none-eabi/11.3.1/../../../../arm-none-eabi/lib/thumb/v7e-m+fp/hard/libc_nano.a(libc_a-init.o)
                0x00000000080094a4                __libc_init_array
 .text.__retarget_lock_acquire_recursive
                0x00000000080094ec        0x2 /Applications/STM32CubeIDE.app/Contents/Eclipse/plugins/com.st.stm32cube.ide.mcu.externaltools.gnu-tools-for-stm32.11.3.rel1.macos64_1.1.100.202310310803/tools/bin/../lib/gcc/arm-none-eabi/11.3.1/../../../../arm-none-eabi/lib/thumb/v7e-m+fp/hard/libc_nano.a(libc_a-lock.o)
                0x00000000080094ec                __retarget_lock_acquire_recursive
 .text.__retarget_lock_release_recursive
                0x00000000080094ee        0x2 /Applications/STM32CubeIDE.app/Contents/Eclipse/plugins/com.st.stm32cube.ide.mcu.externaltools.gnu-tools-for-stm32.11.3.rel1.macos64_1.1.100.202310310803/tools/bin/../lib/gcc/arm-none-eabi/11.3.1/../../../../arm-none-eabi/lib/thumb/v7e-m+fp/hard/libc_nano.a(libc_a-lock.o)
                0x00000000080094ee                __retarget_lock_release_recursive
 .text.memcpy   0x00000000080094f0       0x1c /Applications/STM32CubeIDE.app/Contents/Eclipse/plugins/com.st.stm32cube.ide.mcu.externaltools.gnu-tools-for-stm32.11.3.rel1.macos64_1.1.100.202310310803/tools/bin/../lib/gcc/arm-none-eabi/11.3.1/../../../../arm-none-eabi/lib/thumb/v7e-m+fp/hard/libc_nano.a(libc_a-memcpy-stub.o)
                0x00000000080094f0                memcpy
 .text._free_r  0x000000000800950c       0x98 /Applications/STM32CubeIDE.app/Contents/Eclipse/plugins/com.st.stm32cube.ide.mcu.externaltools.gnu-tools-for-stm32.11.3.rel1.macos64_1.1.100.202310310803/tools/bin/../lib/gcc/arm-none-eabi/11.3.1/../../../../arm-none-eabi/lib/thumb/v7e-m+fp/hard/libc_nano.a(libc_a-freer.o)
                0x000000000800950c                _free_r
 .text.__ssputs_r
                0x00000000080095a4       0xb4 /Applications/STM32CubeIDE.app/Contents/Eclipse/plugins/com.st.stm32cube.ide.mcu.externaltools.gnu-tools-for-stm32.11.3.rel1.macos64_1.1.100.202310310803/tools/bin/../lib/gcc/arm-none-eabi/11.3.1/../../../../arm-none-eabi/lib/thumb/v7e-m+fp/hard/libc_nano.a(libc_a-nano-svfprintf.o)
                0x00000000080095a4                __ssputs_r
 .text._svfprintf_r
                0x0000000008009658      0x1fc /Applications/STM32CubeIDE.app/Contents/Eclipse/plugins/com.st.stm32cube.ide.mcu.externaltools.gnu-tools-for-stm32.11.3.rel1.macos64_1.1.100.202310310803/tools/bin/../lib/gcc/arm-none-eabi/11.3.1/../../../../arm-none-eabi/lib/thumb/v7e-m+fp/hard/libc_nano.a(libc_a-nano-svfprintf.o)
                0x0000000008009658                _svfprintf_r
                0x0000000008009658                _svfiprintf_r
 .text._printf_common
                0x0000000008009854       0xda /Applications/STM32CubeIDE.app/Contents/Eclipse/plugins/com.st.stm32cube.ide.mcu.externaltools.gnu-tools-for-stm32.11.3.rel1.macos64_1.1.100.202310310803/tools/bin/../lib/gcc/arm-none-eabi/11.3.1/../../../../arm-none-eabi/lib/thumb/v7e-m+fp/hard/libc_nano.a(libc_a-nano-vfprintf_i.o)
                0x0000000008009854                _printf_common
 *fill*         0x000000000800992e        0x2 
 .text._printf_i
                0x0000000008009930      0x244 /Applications/STM32CubeIDE.app/Contents/Eclipse/plugins/com.st.stm32cube.ide.mcu.externaltools.gnu-tools-for-stm32.11.3.rel1.macos64_1.1.100.202310310803/tools/bin/../lib/gcc/arm-none-eabi/11.3.1/../../../../arm-none-eabi/lib/thumb/v7e-m+fp/hard/libc_nano.a(libc_a-nano-vfprintf_i.o)
                0x0000000008009930                _printf_i
 .text._malloc_usable_size_r
                0x0000000008009b74       0x10 /Applications/STM32CubeIDE.app/Contents/Eclipse/plugins/com.st.stm32cube.ide.mcu.externaltools.gnu-tools-for-stm32.11.3.rel1.macos64_1.1.100.202310310803/tools/bin/../lib/gcc/arm-none-eabi/11.3.1/../../../../arm-none-eabi/lib/thumb/v7e-m+fp/hard/libc_nano.a(libc_a-msizer.o)
                0x0000000008009b74                _malloc_usable_size_r
 .text.expf     0x0000000008009b84       0x6c /Applications/STM32CubeIDE.app/Contents/Eclipse/plugins/com.st.stm32cube.ide.mcu.externaltools.gnu-tools-for-stm32.11.3.rel1.macos64_1.1.100.202310310803/tools/bin/../lib/gcc/arm-none-eabi/11.3.1/../../../../arm-none-eabi/lib/thumb/v7e-m+fp/hard/libm.a(libm_a-wf_exp.o)
                0x0000000008009b84                expf
 .text.finitef  0x0000000008009bf0       0x1a /Applications/STM32CubeIDE.app/Contents/Eclipse/plugins/com.st.stm32cube.ide.mcu.externaltools.gnu-tools-for-stm32.11.3.rel1.macos64_1.1.100.202310310803/tools/bin/../lib/gcc/arm-none-eabi/11.3.1/../../../../arm-none-eabi/lib/thumb/v7e-m+fp/hard/libm.a(libm_a-sf_finite.o)
                0x0000000008009bf0                finitef
 *fill*         0x0000000008009c0a        0x2 
 .text.__ieee754_expf
                0x0000000008009c0c      0x19c /Applications/STM32CubeIDE.app/Contents/Eclipse/plugins/com.st.stm32cube.ide.mcu.externaltools.gnu-tools-for-stm32.11.3.rel1.macos64_1.1.100.202310310803/tools/bin/../lib/gcc/arm-none-eabi/11.3.1/../../../../arm-none-eabi/lib/thumb/v7e-m+fp/hard/libm.a(libm_a-ef_exp.o)
                0x0000000008009c0c                __ieee754_expf
 .text.with_errnof
                0x0000000008009da8       0x16 /Applications/STM32CubeIDE.app/Contents/Eclipse/plugins/com.st.stm32cube.ide.mcu.externaltools.gnu-tools-for-stm32.11.3.rel1.macos64_1.1.100.202310310803/tools/bin/../lib/gcc/arm-none-eabi/11.3.1/../../../../arm-none-eabi/lib/thumb/v7e-m+fp/hard/libm.a(libm_a-math_errf.o)
 .text.xflowf   0x0000000008009dbe       0x16 /Applications/STM32CubeIDE.app/Contents/Eclipse/plugins/com.st.stm32cube.ide.mcu.externaltools.gnu-tools-for-stm32.11.3.rel1.macos64_1.1.100.202310310803/tools/bin/../lib/gcc/arm-none-eabi/11.3.1/../../../../arm-none-eabi/lib/thumb/v7e-m+fp/hard/libm.a(libm_a-math_errf.o)
 .text.__math_uflowf
                0x0000000008009dd4        0xc /Applications/STM32CubeIDE.app/Contents/Eclipse/plugins/com.st.stm32cube.ide.mcu.externaltools.gnu-tools-for-stm32.11.3.rel1.macos64_1.1.100.202310310803/tools/bin/../lib/gcc/arm-none-eabi/11.3.1/../../../../arm-none-eabi/lib/thumb/v7e-m+fp/hard/libm.a(libm_a-math_errf.o)
                0x0000000008009dd4                __math_uflowf
 .text.__math_oflowf
                0x0000000008009de0        0xc /Applications/STM32CubeIDE.app/Contents/Eclipse/plugins/com.st.stm32cube.ide.mcu.externaltools.gnu-tools-for-stm32.11.3.rel1.macos64_1.1.100.202310310803/tools/bin/../lib/gcc/arm-none-eabi/11.3.1/../../../../arm-none-eabi/lib/thumb/v7e-m+fp/hard/libm.a(libm_a-math_errf.o)
                0x0000000008009de0                __math_oflowf
 *(.glue_7)
 .glue_7        0x0000000008009dec        0x0 linker stubs
 *(.glue_7t)
 .glue_7t       0x0000000008009dec        0x0 linker stubs
 *(.eh_frame)
 .eh_frame      0x0000000008009dec        0x0 /Applications/STM32CubeIDE.app/Contents/Eclipse/plugins/com.st.stm32cube.ide.mcu.externaltools.gnu-tools-for-stm32.11.3.rel1.macos64_1.1.100.202310310803/tools/bin/../lib/gcc/arm-none-eabi/11.3.1/thumb/v7e-m+fp/hard/crtbegin.o
 *(.init)
 .init          0x0000000008009dec        0x4 /Applications/STM32CubeIDE.app/Contents/Eclipse/plugins/com.st.stm32cube.ide.mcu.externaltools.gnu-tools-for-stm32.11.3.rel1.macos64_1.1.100.202310310803/tools/bin/../lib/gcc/arm-none-eabi/11.3.1/thumb/v7e-m+fp/hard/crti.o
                0x0000000008009dec                _init
 .init          0x0000000008009df0        0x8 /Applications/STM32CubeIDE.app/Contents/Eclipse/plugins/com.st.stm32cube.ide.mcu.externaltools.gnu-tools-for-stm32.11.3.rel1.macos64_1.1.100.202310310803/tools/bin/../lib/gcc/arm-none-eabi/11.3.1/thumb/v7e-m+fp/hard/crtn.o
 *(.fini)
 .fini          0x0000000008009df8        0x4 /Applications/STM32CubeIDE.app/Contents/Eclipse/plugins/com.st.stm32cube.ide.mcu.externaltools.gnu-tools-for-stm32.11.3.rel1.macos64_1.1.100.202310310803/tools/bin/../lib/gcc/arm-none-eabi/11.3.1/thumb/v7e-m+fp/hard/crti.o
                0x0000000008009df8                _fini
 .fini          0x0000000008009dfc        0x8 /Applications/STM32CubeIDE.app/Contents/Eclipse/plugins/com.st.stm32cube.ide.mcu.externaltools.gnu-tools-for-stm32.11.3.rel1.macos64_1.1.100.202310310803/tools/bin/../lib/gcc/arm-none-eabi/11.3.1/thumb/v7e-m+fp/hard/crtn.o
                0x0000000008009e04                . = ALIGN (0x4)
                0x0000000008009e04                _etext = .

.vfp11_veneer   0x0000000008009e04        0x0
 .vfp11_veneer  0x0000000008009e04        0x0 linker stubs

.v4_bx          0x0000000008009e04        0x0
 .v4_bx         0x0000000008009e04        0x0 linker stubs

.iplt           0x0000000008009e04        0x0
 .iplt          0x0000000008009e04        0x0 /Applications/STM32CubeIDE.app/Contents/Eclipse/plugins/com.st.stm32cube.ide.mcu.externaltools.gnu-tools-for-stm32.11.3.rel1.macos64_1.1.100.202310310803/tools/bin/../lib/gcc/arm-none-eabi/11.3.1/thumb/v7e-m+fp/hard/crtbegin.o

.rodata         0x0000000008009e20    0x2b24c
                0x0000000008009e20                . = ALIGN (0x4)
 *(.rodata)
 .rodata        0x0000000008009e20      0x115 ./Core/Src/main.o
 *fill*         0x0000000008009f35        0x3 
 .rodata        0x0000000008009f38       0x30 ./X-CUBE-AI/App/combination_data.o
 *(.rodata*)
 .rodata.AHBPrescTable
                0x0000000008009f68       0x10 ./Core/Src/system_stm32f7xx.o
                0x0000000008009f68                AHBPrescTable
 .rodata.APBPrescTable
                0x0000000008009f78        0x8 ./Core/Src/system_stm32f7xx.o
                0x0000000008009f78                APBPrescTable
 .rodata.modelOutput_chain
                0x0000000008009f80        0x8 ./X-CUBE-AI/App/combination.o
 .rodata.input_80_chain
                0x0000000008009f88        0x8 ./X-CUBE-AI/App/combination.o
 .rodata.input_76_chain
                0x0000000008009f90        0x8 ./X-CUBE-AI/App/combination.o
 .rodata.onnxRelu_104_chain
                0x0000000008009f98        0x8 ./X-CUBE-AI/App/combination.o
 .rodata.onnxAdd_136_chain
                0x0000000008009fa0        0x8 ./X-CUBE-AI/App/combination.o
 .rodata.onnxConv_101_chain
                0x0000000008009fa8        0x8 ./X-CUBE-AI/App/combination.o
 .rodata.input_68_chain
                0x0000000008009fb0        0x8 ./X-CUBE-AI/App/combination.o
 .rodata.onnxConv_98_chain
                0x0000000008009fb8        0x8 ./X-CUBE-AI/App/combination.o
 .rodata.input_60_chain
                0x0000000008009fc0        0x8 ./X-CUBE-AI/App/combination.o
 .rodata.input_52_chain
                0x0000000008009fc8        0x8 ./X-CUBE-AI/App/combination.o
 .rodata.onnxRelu_94_chain
                0x0000000008009fd0        0x8 ./X-CUBE-AI/App/combination.o
 .rodata.onnxAdd_127_chain
                0x0000000008009fd8        0x8 ./X-CUBE-AI/App/combination.o
 .rodata.onnxConv_91_chain
                0x0000000008009fe0        0x8 ./X-CUBE-AI/App/combination.o
 .rodata.input_44_chain
                0x0000000008009fe8        0x8 ./X-CUBE-AI/App/combination.o
 .rodata.onnxConv_88_chain
                0x0000000008009ff0        0x8 ./X-CUBE-AI/App/combination.o
 .rodata.input_36_chain
                0x0000000008009ff8        0x8 ./X-CUBE-AI/App/combination.o
 .rodata.input_28_chain
                0x000000000800a000        0x8 ./X-CUBE-AI/App/combination.o
 .rodata.onnxRelu_84_chain
                0x000000000800a008        0x8 ./X-CUBE-AI/App/combination.o
 .rodata.onnxAdd_118_chain
                0x000000000800a010        0x8 ./X-CUBE-AI/App/combination.o
 .rodata.onnxConv_81_chain
                0x000000000800a018        0x8 ./X-CUBE-AI/App/combination.o
 .rodata.input_20_chain
                0x000000000800a020        0x8 ./X-CUBE-AI/App/combination.o
 .rodata.onnxConv_78_chain
                0x000000000800a028        0x8 ./X-CUBE-AI/App/combination.o
 .rodata.input_12_chain
                0x000000000800a030        0x8 ./X-CUBE-AI/App/combination.o
 .rodata.onnxConv_75_chain
                0x000000000800a038        0x8 ./X-CUBE-AI/App/combination.o
 .rodata.input_4_chain
                0x000000000800a040        0x8 ./X-CUBE-AI/App/combination.o
 *fill*         0x000000000800a048       0x18 
 .rodata.s_combination_input_36_bias_array_u64
                0x000000000800a060       0x80 ./X-CUBE-AI/App/combination_data_params.o
                0x000000000800a060                s_combination_input_36_bias_array_u64
 .rodata.s_combination_input_44_weights_array_u64
                0x000000000800a0e0     0x3000 ./X-CUBE-AI/App/combination_data_params.o
                0x000000000800a0e0                s_combination_input_44_weights_array_u64
 .rodata.s_combination_input_44_bias_array_u64
                0x000000000800d0e0       0x80 ./X-CUBE-AI/App/combination_data_params.o
                0x000000000800d0e0                s_combination_input_44_bias_array_u64
 .rodata.s_combination_onnxAdd_127_weights_array_u64
                0x000000000800d160     0x3000 ./X-CUBE-AI/App/combination_data_params.o
                0x000000000800d160                s_combination_onnxAdd_127_weights_array_u64
 .rodata.s_combination_onnxAdd_127_bias_array_u64
                0x0000000008010160       0x80 ./X-CUBE-AI/App/combination_data_params.o
                0x0000000008010160                s_combination_onnxAdd_127_bias_array_u64
 .rodata.s_combination_input_60_weights_array_u64
                0x00000000080101e0     0x3000 ./X-CUBE-AI/App/combination_data_params.o
                0x00000000080101e0                s_combination_input_60_weights_array_u64
 .rodata.s_combination_input_60_bias_array_u64
                0x00000000080131e0       0x80 ./X-CUBE-AI/App/combination_data_params.o
                0x00000000080131e0                s_combination_input_60_bias_array_u64
 .rodata.s_combination_input_68_weights_array_u64
                0x0000000008013260     0x3000 ./X-CUBE-AI/App/combination_data_params.o
                0x0000000008013260                s_combination_input_68_weights_array_u64
 .rodata.s_combination_input_68_bias_array_u64
                0x0000000008016260       0x80 ./X-CUBE-AI/App/combination_data_params.o
                0x0000000008016260                s_combination_input_68_bias_array_u64
 .rodata.s_combination_onnxAdd_136_weights_array_u64
                0x00000000080162e0     0x3000 ./X-CUBE-AI/App/combination_data_params.o
                0x00000000080162e0                s_combination_onnxAdd_136_weights_array_u64
 .rodata.s_combination_onnxAdd_136_bias_array_u64
                0x00000000080192e0       0x80 ./X-CUBE-AI/App/combination_data_params.o
                0x00000000080192e0                s_combination_onnxAdd_136_bias_array_u64
 .rodata.s_combination_input_80_weights_array_u64
                0x0000000008019360     0xf000 ./X-CUBE-AI/App/combination_data_params.o
                0x0000000008019360                s_combination_input_80_weights_array_u64
 .rodata.s_combination_input_80_bias_array_u64
                0x0000000008028360       0x30 ./X-CUBE-AI/App/combination_data_params.o
                0x0000000008028360                s_combination_input_80_bias_array_u64
 *fill*         0x0000000008028390       0x10 
 .rodata.s_combination_input_4_weights_array_u64
                0x00000000080283a0      0xa80 ./X-CUBE-AI/App/combination_data_params.o
                0x00000000080283a0                s_combination_input_4_weights_array_u64
 .rodata.s_combination_input_4_bias_array_u64
                0x0000000008028e20       0x80 ./X-CUBE-AI/App/combination_data_params.o
                0x0000000008028e20                s_combination_input_4_bias_array_u64
 .rodata.s_combination_input_12_weights_array_u64
                0x0000000008028ea0     0x3000 ./X-CUBE-AI/App/combination_data_params.o
                0x0000000008028ea0                s_combination_input_12_weights_array_u64
 .rodata.s_combination_input_12_bias_array_u64
                0x000000000802bea0       0x80 ./X-CUBE-AI/App/combination_data_params.o
                0x000000000802bea0                s_combination_input_12_bias_array_u64
 .rodata.s_combination_input_20_weights_array_u64
                0x000000000802bf20     0x3000 ./X-CUBE-AI/App/combination_data_params.o
                0x000000000802bf20                s_combination_input_20_weights_array_u64
 .rodata.s_combination_input_20_bias_array_u64
                0x000000000802ef20       0x80 ./X-CUBE-AI/App/combination_data_params.o
                0x000000000802ef20                s_combination_input_20_bias_array_u64
 .rodata.s_combination_onnxAdd_118_weights_array_u64
                0x000000000802efa0     0x3000 ./X-CUBE-AI/App/combination_data_params.o
                0x000000000802efa0                s_combination_onnxAdd_118_weights_array_u64
 .rodata.s_combination_onnxAdd_118_bias_array_u64
                0x0000000008031fa0       0x80 ./X-CUBE-AI/App/combination_data_params.o
                0x0000000008031fa0                s_combination_onnxAdd_118_bias_array_u64
 .rodata.s_combination_input_36_weights_array_u64
                0x0000000008032020     0x3000 ./X-CUBE-AI/App/combination_data_params.o
                0x0000000008032020                s_combination_input_36_weights_array_u64
 .rodata._svfprintf_r.str1.1
                0x0000000008035020       0x11 /Applications/STM32CubeIDE.app/Contents/Eclipse/plugins/com.st.stm32cube.ide.mcu.externaltools.gnu-tools-for-stm32.11.3.rel1.macos64_1.1.100.202310310803/tools/bin/../lib/gcc/arm-none-eabi/11.3.1/../../../../arm-none-eabi/lib/thumb/v7e-m+fp/hard/libc_nano.a(libc_a-nano-svfprintf.o)
 .rodata._printf_i.str1.1
                0x0000000008035031       0x22 /Applications/STM32CubeIDE.app/Contents/Eclipse/plugins/com.st.stm32cube.ide.mcu.externaltools.gnu-tools-for-stm32.11.3.rel1.macos64_1.1.100.202310310803/tools/bin/../lib/gcc/arm-none-eabi/11.3.1/../../../../arm-none-eabi/lib/thumb/v7e-m+fp/hard/libc_nano.a(libc_a-nano-vfprintf_i.o)
 *fill*         0x0000000008035053        0x1 
 .rodata.halF   0x0000000008035054        0x8 /Applications/STM32CubeIDE.app/Contents/Eclipse/plugins/com.st.stm32cube.ide.mcu.externaltools.gnu-tools-for-stm32.11.3.rel1.macos64_1.1.100.202310310803/tools/bin/../lib/gcc/arm-none-eabi/11.3.1/../../../../arm-none-eabi/lib/thumb/v7e-m+fp/hard/libm.a(libm_a-ef_exp.o)
 .rodata.ln2HI  0x000000000803505c        0x8 /Applications/STM32CubeIDE.app/Contents/Eclipse/plugins/com.st.stm32cube.ide.mcu.externaltools.gnu-tools-for-stm32.11.3.rel1.macos64_1.1.100.202310310803/tools/bin/../lib/gcc/arm-none-eabi/11.3.1/../../../../arm-none-eabi/lib/thumb/v7e-m+fp/hard/libm.a(libm_a-ef_exp.o)
 .rodata.ln2LO  0x0000000008035064        0x8 /Applications/STM32CubeIDE.app/Contents/Eclipse/plugins/com.st.stm32cube.ide.mcu.externaltools.gnu-tools-for-stm32.11.3.rel1.macos64_1.1.100.202310310803/tools/bin/../lib/gcc/arm-none-eabi/11.3.1/../../../../arm-none-eabi/lib/thumb/v7e-m+fp/hard/libm.a(libm_a-ef_exp.o)
                0x000000000803506c                . = ALIGN (0x4)

.ARM.extab      0x000000000803506c        0x0
                0x000000000803506c                . = ALIGN (0x4)
 *(.ARM.extab* .gnu.linkonce.armextab.*)
                0x000000000803506c                . = ALIGN (0x4)

.ARM            0x000000000803506c        0x8
                0x000000000803506c                . = ALIGN (0x4)
                0x000000000803506c                __exidx_start = .
 *(.ARM.exidx*)
 .ARM.exidx     0x000000000803506c        0x8 /Applications/STM32CubeIDE.app/Contents/Eclipse/plugins/com.st.stm32cube.ide.mcu.externaltools.gnu-tools-for-stm32.11.3.rel1.macos64_1.1.100.202310310803/tools/bin/../lib/gcc/arm-none-eabi/11.3.1/thumb/v7e-m+fp/hard/libgcc.a(_udivmoddi4.o)
                0x0000000008035074                __exidx_end = .
                0x0000000008035074                . = ALIGN (0x4)

.rel.dyn        0x0000000008035074        0x0
 .rel.iplt      0x0000000008035074        0x0 /Applications/STM32CubeIDE.app/Contents/Eclipse/plugins/com.st.stm32cube.ide.mcu.externaltools.gnu-tools-for-stm32.11.3.rel1.macos64_1.1.100.202310310803/tools/bin/../lib/gcc/arm-none-eabi/11.3.1/thumb/v7e-m+fp/hard/crtbegin.o

.preinit_array  0x0000000008035074        0x0
                0x0000000008035074                . = ALIGN (0x4)
                0x0000000008035074                PROVIDE (__preinit_array_start = .)
 *(.preinit_array*)
                0x0000000008035074                PROVIDE (__preinit_array_end = .)
                0x0000000008035074                . = ALIGN (0x4)

.init_array     0x0000000008035074        0x4
                0x0000000008035074                . = ALIGN (0x4)
                0x0000000008035074                PROVIDE (__init_array_start = .)
 *(SORT_BY_NAME(.init_array.*))
 *(.init_array*)
 .init_array    0x0000000008035074        0x4 /Applications/STM32CubeIDE.app/Contents/Eclipse/plugins/com.st.stm32cube.ide.mcu.externaltools.gnu-tools-for-stm32.11.3.rel1.macos64_1.1.100.202310310803/tools/bin/../lib/gcc/arm-none-eabi/11.3.1/thumb/v7e-m+fp/hard/crtbegin.o
                0x0000000008035078                PROVIDE (__init_array_end = .)
                0x0000000008035078                . = ALIGN (0x4)

.fini_array     0x0000000008035078        0x4
                0x0000000008035078                . = ALIGN (0x4)
                [!provide]                        PROVIDE (__fini_array_start = .)
 *(SORT_BY_NAME(.fini_array.*))
 *(.fini_array*)
 .fini_array    0x0000000008035078        0x4 /Applications/STM32CubeIDE.app/Contents/Eclipse/plugins/com.st.stm32cube.ide.mcu.externaltools.gnu-tools-for-stm32.11.3.rel1.macos64_1.1.100.202310310803/tools/bin/../lib/gcc/arm-none-eabi/11.3.1/thumb/v7e-m+fp/hard/crtbegin.o
                [!provide]                        PROVIDE (__fini_array_end = .)
                0x000000000803507c                . = ALIGN (0x4)
                0x000000000803507c                _sidata = LOADADDR (.data)

.data           0x0000000020000000     0x1edc load address 0x000000000803507c
                0x0000000020000000                . = ALIGN (0x4)
                0x0000000020000000                _sdata = .
 *(.data)
 *(.data*)
 .data.SystemCoreClock
                0x0000000020000000        0x4 ./Core/Src/system_stm32f7xx.o
                0x0000000020000000                SystemCoreClock
 .data.uwTickPrio
                0x0000000020000004        0x4 ./Drivers/STM32F7xx_HAL_Driver/Src/stm32f7xx_hal.o
                0x0000000020000004                uwTickPrio
 .data.uwTickFreq
                0x0000000020000008        0x1 ./Drivers/STM32F7xx_HAL_Driver/Src/stm32f7xx_hal.o
                0x0000000020000008                uwTickFreq
 *fill*         0x0000000020000009        0x3 
 .data.input_36_bias_array
                0x000000002000000c       0x10 ./X-CUBE-AI/App/combination.o
 .data.input_44_weights_array
                0x000000002000001c       0x10 ./X-CUBE-AI/App/combination.o
 .data.input_44_bias_array
                0x000000002000002c       0x10 ./X-CUBE-AI/App/combination.o
 .data.onnxAdd_127_weights_array
                0x000000002000003c       0x10 ./X-CUBE-AI/App/combination.o
 .data.onnxAdd_127_bias_array
                0x000000002000004c       0x10 ./X-CUBE-AI/App/combination.o
 .data.input_60_weights_array
                0x000000002000005c       0x10 ./X-CUBE-AI/App/combination.o
 .data.input_60_bias_array
                0x000000002000006c       0x10 ./X-CUBE-AI/App/combination.o
 .data.input_68_weights_array
                0x000000002000007c       0x10 ./X-CUBE-AI/App/combination.o
 .data.input_68_bias_array
                0x000000002000008c       0x10 ./X-CUBE-AI/App/combination.o
 .data.onnxAdd_136_weights_array
                0x000000002000009c       0x10 ./X-CUBE-AI/App/combination.o
 .data.onnxAdd_136_bias_array
                0x00000000200000ac       0x10 ./X-CUBE-AI/App/combination.o
 .data.input_80_weights_array
                0x00000000200000bc       0x10 ./X-CUBE-AI/App/combination.o
 .data.input_80_bias_array
                0x00000000200000cc       0x10 ./X-CUBE-AI/App/combination.o
 .data.modelInput_output_array
                0x00000000200000dc       0x10 ./X-CUBE-AI/App/combination.o
 .data.input_4_output_array
                0x00000000200000ec       0x10 ./X-CUBE-AI/App/combination.o
 .data.onnxConv_75_output_array
                0x00000000200000fc       0x10 ./X-CUBE-AI/App/combination.o
 .data.input_12_output_array
                0x000000002000010c       0x10 ./X-CUBE-AI/App/combination.o
 .data.onnxConv_78_output_array
                0x000000002000011c       0x10 ./X-CUBE-AI/App/combination.o
 .data.input_20_output_array
                0x000000002000012c       0x10 ./X-CUBE-AI/App/combination.o
 .data.onnxConv_81_output_array
                0x000000002000013c       0x10 ./X-CUBE-AI/App/combination.o
 .data.onnxAdd_118_output_array
                0x000000002000014c       0x10 ./X-CUBE-AI/App/combination.o
 .data.onnxRelu_84_output_array
                0x000000002000015c       0x10 ./X-CUBE-AI/App/combination.o
 .data.input_28_output_array
                0x000000002000016c       0x10 ./X-CUBE-AI/App/combination.o
 .data.input_36_output_array
                0x000000002000017c       0x10 ./X-CUBE-AI/App/combination.o
 .data.onnxConv_88_output_array
                0x000000002000018c       0x10 ./X-CUBE-AI/App/combination.o
 .data.input_44_output_array
                0x000000002000019c       0x10 ./X-CUBE-AI/App/combination.o
 .data.onnxConv_91_output_array
                0x00000000200001ac       0x10 ./X-CUBE-AI/App/combination.o
 .data.onnxAdd_127_output_array
                0x00000000200001bc       0x10 ./X-CUBE-AI/App/combination.o
 .data.onnxRelu_94_output_array
                0x00000000200001cc       0x10 ./X-CUBE-AI/App/combination.o
 .data.input_52_output_array
                0x00000000200001dc       0x10 ./X-CUBE-AI/App/combination.o
 .data.input_60_output_array
                0x00000000200001ec       0x10 ./X-CUBE-AI/App/combination.o
 .data.onnxConv_98_output_array
                0x00000000200001fc       0x10 ./X-CUBE-AI/App/combination.o
 .data.input_68_output_array
                0x000000002000020c       0x10 ./X-CUBE-AI/App/combination.o
 .data.onnxConv_101_output_array
                0x000000002000021c       0x10 ./X-CUBE-AI/App/combination.o
 .data.onnxAdd_136_output_array
                0x000000002000022c       0x10 ./X-CUBE-AI/App/combination.o
 .data.onnxRelu_104_output_array
                0x000000002000023c       0x10 ./X-CUBE-AI/App/combination.o
 .data.input_76_output_array
                0x000000002000024c       0x10 ./X-CUBE-AI/App/combination.o
 .data.input_80_output_array
                0x000000002000025c       0x10 ./X-CUBE-AI/App/combination.o
 .data.modelOutput_output_array
                0x000000002000026c       0x10 ./X-CUBE-AI/App/combination.o
 .data.input_4_weights_array
                0x000000002000027c       0x10 ./X-CUBE-AI/App/combination.o
 .data.input_4_bias_array
                0x000000002000028c       0x10 ./X-CUBE-AI/App/combination.o
 .data.input_12_weights_array
                0x000000002000029c       0x10 ./X-CUBE-AI/App/combination.o
 .data.input_12_bias_array
                0x00000000200002ac       0x10 ./X-CUBE-AI/App/combination.o
 .data.input_20_weights_array
                0x00000000200002bc       0x10 ./X-CUBE-AI/App/combination.o
 .data.input_20_bias_array
                0x00000000200002cc       0x10 ./X-CUBE-AI/App/combination.o
 .data.onnxAdd_118_weights_array
                0x00000000200002dc       0x10 ./X-CUBE-AI/App/combination.o
 .data.onnxAdd_118_bias_array
                0x00000000200002ec       0x10 ./X-CUBE-AI/App/combination.o
 .data.input_36_weights_array
                0x00000000200002fc       0x10 ./X-CUBE-AI/App/combination.o
 .data.__compound_literal.0
                0x000000002000030c       0x10 ./X-CUBE-AI/App/combination.o
 .data.__compound_literal.1
                0x000000002000031c       0x10 ./X-CUBE-AI/App/combination.o
 .data.input_36_bias
                0x000000002000032c       0x1c ./X-CUBE-AI/App/combination.o
 .data.__compound_literal.2
                0x0000000020000348       0x10 ./X-CUBE-AI/App/combination.o
 .data.__compound_literal.3
                0x0000000020000358       0x10 ./X-CUBE-AI/App/combination.o
 .data.input_44_weights
                0x0000000020000368       0x1c ./X-CUBE-AI/App/combination.o
 .data.__compound_literal.4
                0x0000000020000384       0x10 ./X-CUBE-AI/App/combination.o
 .data.__compound_literal.5
                0x0000000020000394       0x10 ./X-CUBE-AI/App/combination.o
 .data.input_44_bias
                0x00000000200003a4       0x1c ./X-CUBE-AI/App/combination.o
 .data.__compound_literal.6
                0x00000000200003c0       0x10 ./X-CUBE-AI/App/combination.o
 .data.__compound_literal.7
                0x00000000200003d0       0x10 ./X-CUBE-AI/App/combination.o
 .data.onnxAdd_127_weights
                0x00000000200003e0       0x1c ./X-CUBE-AI/App/combination.o
 .data.__compound_literal.8
                0x00000000200003fc       0x10 ./X-CUBE-AI/App/combination.o
 .data.__compound_literal.9
                0x000000002000040c       0x10 ./X-CUBE-AI/App/combination.o
 .data.onnxAdd_127_bias
                0x000000002000041c       0x1c ./X-CUBE-AI/App/combination.o
 .data.__compound_literal.10
                0x0000000020000438       0x10 ./X-CUBE-AI/App/combination.o
 .data.__compound_literal.11
                0x0000000020000448       0x10 ./X-CUBE-AI/App/combination.o
 .data.input_60_weights
                0x0000000020000458       0x1c ./X-CUBE-AI/App/combination.o
 .data.__compound_literal.12
                0x0000000020000474       0x10 ./X-CUBE-AI/App/combination.o
 .data.__compound_literal.13
                0x0000000020000484       0x10 ./X-CUBE-AI/App/combination.o
 .data.input_60_bias
                0x0000000020000494       0x1c ./X-CUBE-AI/App/combination.o
 .data.__compound_literal.14
                0x00000000200004b0       0x10 ./X-CUBE-AI/App/combination.o
 .data.__compound_literal.15
                0x00000000200004c0       0x10 ./X-CUBE-AI/App/combination.o
 .data.input_68_weights
                0x00000000200004d0       0x1c ./X-CUBE-AI/App/combination.o
 .data.__compound_literal.16
                0x00000000200004ec       0x10 ./X-CUBE-AI/App/combination.o
 .data.__compound_literal.17
                0x00000000200004fc       0x10 ./X-CUBE-AI/App/combination.o
 .data.input_68_bias
                0x000000002000050c       0x1c ./X-CUBE-AI/App/combination.o
 .data.__compound_literal.18
                0x0000000020000528       0x10 ./X-CUBE-AI/App/combination.o
 .data.__compound_literal.19
                0x0000000020000538       0x10 ./X-CUBE-AI/App/combination.o
 .data.onnxAdd_136_weights
                0x0000000020000548       0x1c ./X-CUBE-AI/App/combination.o
 .data.__compound_literal.20
                0x0000000020000564       0x10 ./X-CUBE-AI/App/combination.o
 .data.__compound_literal.21
                0x0000000020000574       0x10 ./X-CUBE-AI/App/combination.o
 .data.onnxAdd_136_bias
                0x0000000020000584       0x1c ./X-CUBE-AI/App/combination.o
 .data.__compound_literal.22
                0x00000000200005a0       0x10 ./X-CUBE-AI/App/combination.o
 .data.__compound_literal.23
                0x00000000200005b0       0x10 ./X-CUBE-AI/App/combination.o
 .data.input_80_weights
                0x00000000200005c0       0x1c ./X-CUBE-AI/App/combination.o
 .data.__compound_literal.24
                0x00000000200005dc       0x10 ./X-CUBE-AI/App/combination.o
 .data.__compound_literal.25
                0x00000000200005ec       0x10 ./X-CUBE-AI/App/combination.o
 .data.input_80_bias
                0x00000000200005fc       0x1c ./X-CUBE-AI/App/combination.o
 .data.__compound_literal.26
                0x0000000020000618       0x10 ./X-CUBE-AI/App/combination.o
 .data.__compound_literal.27
                0x0000000020000628       0x10 ./X-CUBE-AI/App/combination.o
 .data.modelInput_output
                0x0000000020000638       0x1c ./X-CUBE-AI/App/combination.o
 .data.__compound_literal.28
                0x0000000020000654       0x10 ./X-CUBE-AI/App/combination.o
 .data.__compound_literal.29
                0x0000000020000664       0x10 ./X-CUBE-AI/App/combination.o
 .data.input_4_output
                0x0000000020000674       0x1c ./X-CUBE-AI/App/combination.o
 .data.__compound_literal.30
                0x0000000020000690       0x10 ./X-CUBE-AI/App/combination.o
 .data.__compound_literal.31
                0x00000000200006a0       0x10 ./X-CUBE-AI/App/combination.o
 .data.onnxConv_75_output
                0x00000000200006b0       0x1c ./X-CUBE-AI/App/combination.o
 .data.__compound_literal.32
                0x00000000200006cc       0x10 ./X-CUBE-AI/App/combination.o
 .data.__compound_literal.33
                0x00000000200006dc       0x10 ./X-CUBE-AI/App/combination.o
 .data.input_12_output
                0x00000000200006ec       0x1c ./X-CUBE-AI/App/combination.o
 .data.__compound_literal.34
                0x0000000020000708       0x10 ./X-CUBE-AI/App/combination.o
 .data.__compound_literal.35
                0x0000000020000718       0x10 ./X-CUBE-AI/App/combination.o
 .data.onnxConv_78_output
                0x0000000020000728       0x1c ./X-CUBE-AI/App/combination.o
 .data.__compound_literal.36
                0x0000000020000744       0x10 ./X-CUBE-AI/App/combination.o
 .data.__compound_literal.37
                0x0000000020000754       0x10 ./X-CUBE-AI/App/combination.o
 .data.input_20_output
                0x0000000020000764       0x1c ./X-CUBE-AI/App/combination.o
 .data.__compound_literal.38
                0x0000000020000780       0x10 ./X-CUBE-AI/App/combination.o
 .data.__compound_literal.39
                0x0000000020000790       0x10 ./X-CUBE-AI/App/combination.o
 .data.onnxConv_81_output
                0x00000000200007a0       0x1c ./X-CUBE-AI/App/combination.o
 .data.__compound_literal.40
                0x00000000200007bc       0x10 ./X-CUBE-AI/App/combination.o
 .data.__compound_literal.41
                0x00000000200007cc       0x10 ./X-CUBE-AI/App/combination.o
 .data.onnxAdd_118_output
                0x00000000200007dc       0x1c ./X-CUBE-AI/App/combination.o
 .data.__compound_literal.42
                0x00000000200007f8       0x10 ./X-CUBE-AI/App/combination.o
 .data.__compound_literal.43
                0x0000000020000808       0x10 ./X-CUBE-AI/App/combination.o
 .data.onnxRelu_84_output
                0x0000000020000818       0x1c ./X-CUBE-AI/App/combination.o
 .data.__compound_literal.44
                0x0000000020000834       0x10 ./X-CUBE-AI/App/combination.o
 .data.__compound_literal.45
                0x0000000020000844       0x10 ./X-CUBE-AI/App/combination.o
 .data.input_28_output
                0x0000000020000854       0x1c ./X-CUBE-AI/App/combination.o
 .data.__compound_literal.46
                0x0000000020000870       0x10 ./X-CUBE-AI/App/combination.o
 .data.__compound_literal.47
                0x0000000020000880       0x10 ./X-CUBE-AI/App/combination.o
 .data.input_36_output
                0x0000000020000890       0x1c ./X-CUBE-AI/App/combination.o
 .data.__compound_literal.48
                0x00000000200008ac       0x10 ./X-CUBE-AI/App/combination.o
 .data.__compound_literal.49
                0x00000000200008bc       0x10 ./X-CUBE-AI/App/combination.o
 .data.onnxConv_88_output
                0x00000000200008cc       0x1c ./X-CUBE-AI/App/combination.o
 .data.__compound_literal.50
                0x00000000200008e8       0x10 ./X-CUBE-AI/App/combination.o
 .data.__compound_literal.51
                0x00000000200008f8       0x10 ./X-CUBE-AI/App/combination.o
 .data.input_44_output
                0x0000000020000908       0x1c ./X-CUBE-AI/App/combination.o
 .data.__compound_literal.52
                0x0000000020000924       0x10 ./X-CUBE-AI/App/combination.o
 .data.__compound_literal.53
                0x0000000020000934       0x10 ./X-CUBE-AI/App/combination.o
 .data.onnxConv_91_output
                0x0000000020000944       0x1c ./X-CUBE-AI/App/combination.o
 .data.__compound_literal.54
                0x0000000020000960       0x10 ./X-CUBE-AI/App/combination.o
 .data.__compound_literal.55
                0x0000000020000970       0x10 ./X-CUBE-AI/App/combination.o
 .data.onnxAdd_127_output
                0x0000000020000980       0x1c ./X-CUBE-AI/App/combination.o
 .data.__compound_literal.56
                0x000000002000099c       0x10 ./X-CUBE-AI/App/combination.o
 .data.__compound_literal.57
                0x00000000200009ac       0x10 ./X-CUBE-AI/App/combination.o
 .data.onnxRelu_94_output
                0x00000000200009bc       0x1c ./X-CUBE-AI/App/combination.o
 .data.__compound_literal.58
                0x00000000200009d8       0x10 ./X-CUBE-AI/App/combination.o
 .data.__compound_literal.59
                0x00000000200009e8       0x10 ./X-CUBE-AI/App/combination.o
 .data.input_52_output
                0x00000000200009f8       0x1c ./X-CUBE-AI/App/combination.o
 .data.__compound_literal.60
                0x0000000020000a14       0x10 ./X-CUBE-AI/App/combination.o
 .data.__compound_literal.61
                0x0000000020000a24       0x10 ./X-CUBE-AI/App/combination.o
 .data.input_60_output
                0x0000000020000a34       0x1c ./X-CUBE-AI/App/combination.o
 .data.__compound_literal.62
                0x0000000020000a50       0x10 ./X-CUBE-AI/App/combination.o
 .data.__compound_literal.63
                0x0000000020000a60       0x10 ./X-CUBE-AI/App/combination.o
 .data.onnxConv_98_output
                0x0000000020000a70       0x1c ./X-CUBE-AI/App/combination.o
 .data.__compound_literal.64
                0x0000000020000a8c       0x10 ./X-CUBE-AI/App/combination.o
 .data.__compound_literal.65
                0x0000000020000a9c       0x10 ./X-CUBE-AI/App/combination.o
 .data.input_68_output
                0x0000000020000aac       0x1c ./X-CUBE-AI/App/combination.o
 .data.__compound_literal.66
                0x0000000020000ac8       0x10 ./X-CUBE-AI/App/combination.o
 .data.__compound_literal.67
                0x0000000020000ad8       0x10 ./X-CUBE-AI/App/combination.o
 .data.onnxConv_101_output
                0x0000000020000ae8       0x1c ./X-CUBE-AI/App/combination.o
 .data.__compound_literal.68
                0x0000000020000b04       0x10 ./X-CUBE-AI/App/combination.o
 .data.__compound_literal.69
                0x0000000020000b14       0x10 ./X-CUBE-AI/App/combination.o
 .data.onnxAdd_136_output
                0x0000000020000b24       0x1c ./X-CUBE-AI/App/combination.o
 .data.__compound_literal.70
                0x0000000020000b40       0x10 ./X-CUBE-AI/App/combination.o
 .data.__compound_literal.71
                0x0000000020000b50       0x10 ./X-CUBE-AI/App/combination.o
 .data.onnxRelu_104_output
                0x0000000020000b60       0x1c ./X-CUBE-AI/App/combination.o
 .data.__compound_literal.72
                0x0000000020000b7c       0x10 ./X-CUBE-AI/App/combination.o
 .data.__compound_literal.73
                0x0000000020000b8c       0x10 ./X-CUBE-AI/App/combination.o
 .data.input_76_output
                0x0000000020000b9c       0x1c ./X-CUBE-AI/App/combination.o
 .data.__compound_literal.74
                0x0000000020000bb8       0x10 ./X-CUBE-AI/App/combination.o
 .data.__compound_literal.75
                0x0000000020000bc8       0x10 ./X-CUBE-AI/App/combination.o
 .data.input_76_output0
                0x0000000020000bd8       0x1c ./X-CUBE-AI/App/combination.o
 .data.__compound_literal.76
                0x0000000020000bf4       0x10 ./X-CUBE-AI/App/combination.o
 .data.__compound_literal.77
                0x0000000020000c04       0x10 ./X-CUBE-AI/App/combination.o
 .data.input_80_output
                0x0000000020000c14       0x1c ./X-CUBE-AI/App/combination.o
 .data.__compound_literal.78
                0x0000000020000c30       0x10 ./X-CUBE-AI/App/combination.o
 .data.__compound_literal.79
                0x0000000020000c40       0x10 ./X-CUBE-AI/App/combination.o
 .data.modelOutput_output
                0x0000000020000c50       0x1c ./X-CUBE-AI/App/combination.o
 .data.__compound_literal.80
                0x0000000020000c6c       0x10 ./X-CUBE-AI/App/combination.o
 .data.__compound_literal.81
                0x0000000020000c7c       0x10 ./X-CUBE-AI/App/combination.o
 .data.input_4_weights
                0x0000000020000c8c       0x1c ./X-CUBE-AI/App/combination.o
 .data.__compound_literal.82
                0x0000000020000ca8       0x10 ./X-CUBE-AI/App/combination.o
 .data.__compound_literal.83
                0x0000000020000cb8       0x10 ./X-CUBE-AI/App/combination.o
 .data.input_4_bias
                0x0000000020000cc8       0x1c ./X-CUBE-AI/App/combination.o
 .data.__compound_literal.84
                0x0000000020000ce4       0x10 ./X-CUBE-AI/App/combination.o
 .data.__compound_literal.85
                0x0000000020000cf4       0x10 ./X-CUBE-AI/App/combination.o
 .data.input_12_weights
                0x0000000020000d04       0x1c ./X-CUBE-AI/App/combination.o
 .data.__compound_literal.86
                0x0000000020000d20       0x10 ./X-CUBE-AI/App/combination.o
 .data.__compound_literal.87
                0x0000000020000d30       0x10 ./X-CUBE-AI/App/combination.o
 .data.input_12_bias
                0x0000000020000d40       0x1c ./X-CUBE-AI/App/combination.o
 .data.__compound_literal.88
                0x0000000020000d5c       0x10 ./X-CUBE-AI/App/combination.o
 .data.__compound_literal.89
                0x0000000020000d6c       0x10 ./X-CUBE-AI/App/combination.o
 .data.input_20_weights
                0x0000000020000d7c       0x1c ./X-CUBE-AI/App/combination.o
 .data.__compound_literal.90
                0x0000000020000d98       0x10 ./X-CUBE-AI/App/combination.o
 .data.__compound_literal.91
                0x0000000020000da8       0x10 ./X-CUBE-AI/App/combination.o
 .data.input_20_bias
                0x0000000020000db8       0x1c ./X-CUBE-AI/App/combination.o
 .data.__compound_literal.92
                0x0000000020000dd4       0x10 ./X-CUBE-AI/App/combination.o
 .data.__compound_literal.93
                0x0000000020000de4       0x10 ./X-CUBE-AI/App/combination.o
 .data.onnxAdd_118_weights
                0x0000000020000df4       0x1c ./X-CUBE-AI/App/combination.o
 .data.__compound_literal.94
                0x0000000020000e10       0x10 ./X-CUBE-AI/App/combination.o
 .data.__compound_literal.95
                0x0000000020000e20       0x10 ./X-CUBE-AI/App/combination.o
 .data.onnxAdd_118_bias
                0x0000000020000e30       0x1c ./X-CUBE-AI/App/combination.o
 .data.__compound_literal.96
                0x0000000020000e4c       0x10 ./X-CUBE-AI/App/combination.o
 .data.__compound_literal.97
                0x0000000020000e5c       0x10 ./X-CUBE-AI/App/combination.o
 .data.input_36_weights
                0x0000000020000e6c       0x1c ./X-CUBE-AI/App/combination.o
 .data.__compound_literal.98
                0x0000000020000e88        0x4 ./X-CUBE-AI/App/combination.o
 .data.__compound_literal.99
                0x0000000020000e8c        0x4 ./X-CUBE-AI/App/combination.o
 .data.__compound_literal.102
                0x0000000020000e90       0x30 ./X-CUBE-AI/App/combination.o
 .data.modelOutput_layer
                0x0000000020000ec0       0x20 ./X-CUBE-AI/App/combination.o
 .data.__compound_literal.103
                0x0000000020000ee0        0x4 ./X-CUBE-AI/App/combination.o
 .data.__compound_literal.104
                0x0000000020000ee4        0x4 ./X-CUBE-AI/App/combination.o
 .data.__compound_literal.105
                0x0000000020000ee8        0x8 ./X-CUBE-AI/App/combination.o
 .data.__compound_literal.107
                0x0000000020000ef0       0x30 ./X-CUBE-AI/App/combination.o
 .data.input_80_layer
                0x0000000020000f20       0x1c ./X-CUBE-AI/App/combination.o
 .data.__compound_literal.108
                0x0000000020000f3c        0x4 ./X-CUBE-AI/App/combination.o
 .data.__compound_literal.109
                0x0000000020000f40        0x4 ./X-CUBE-AI/App/combination.o
 .data.__compound_literal.112
                0x0000000020000f44       0x30 ./X-CUBE-AI/App/combination.o
 .data.input_76_layer
                0x0000000020000f74       0x20 ./X-CUBE-AI/App/combination.o
 .data.__compound_literal.113
                0x0000000020000f94        0x8 ./X-CUBE-AI/App/combination.o
 .data.__compound_literal.114
                0x0000000020000f9c        0x4 ./X-CUBE-AI/App/combination.o
 .data.__compound_literal.117
                0x0000000020000fa0       0x30 ./X-CUBE-AI/App/combination.o
 .data.onnxRelu_104_layer
                0x0000000020000fd0       0x24 ./X-CUBE-AI/App/combination.o
 .data.__compound_literal.118
                0x0000000020000ff4        0x4 ./X-CUBE-AI/App/combination.o
 .data.__compound_literal.119
                0x0000000020000ff8        0x4 ./X-CUBE-AI/App/combination.o
 .data.__compound_literal.120
                0x0000000020000ffc        0xc ./X-CUBE-AI/App/combination.o
 .data.__compound_literal.122
                0x0000000020001008       0x30 ./X-CUBE-AI/App/combination.o
 .data.__compound_literal.123
                0x0000000020001038       0x10 ./X-CUBE-AI/App/combination.o
 .data.onnxAdd_136_layer
                0x0000000020001048       0x44 ./X-CUBE-AI/App/combination.o
 .data.__compound_literal.124
                0x000000002000108c        0x4 ./X-CUBE-AI/App/combination.o
 .data.__compound_literal.125
                0x0000000020001090        0x4 ./X-CUBE-AI/App/combination.o
 .data.__compound_literal.128
                0x0000000020001094       0x30 ./X-CUBE-AI/App/combination.o
 .data.onnxConv_101_layer
                0x00000000200010c4       0x20 ./X-CUBE-AI/App/combination.o
 .data.__compound_literal.129
                0x00000000200010e4        0x4 ./X-CUBE-AI/App/combination.o
 .data.__compound_literal.130
                0x00000000200010e8        0x4 ./X-CUBE-AI/App/combination.o
 .data.__compound_literal.131
                0x00000000200010ec        0xc ./X-CUBE-AI/App/combination.o
 .data.__compound_literal.133
                0x00000000200010f8       0x30 ./X-CUBE-AI/App/combination.o
 .data.__compound_literal.134
                0x0000000020001128       0x10 ./X-CUBE-AI/App/combination.o
 .data.input_68_layer
                0x0000000020001138       0x44 ./X-CUBE-AI/App/combination.o
 .data.__compound_literal.135
                0x000000002000117c        0x4 ./X-CUBE-AI/App/combination.o
 .data.__compound_literal.136
                0x0000000020001180        0x4 ./X-CUBE-AI/App/combination.o
 .data.__compound_literal.139
                0x0000000020001184       0x30 ./X-CUBE-AI/App/combination.o
 .data.onnxConv_98_layer
                0x00000000200011b4       0x20 ./X-CUBE-AI/App/combination.o
 .data.__compound_literal.140
                0x00000000200011d4        0x4 ./X-CUBE-AI/App/combination.o
 .data.__compound_literal.141
                0x00000000200011d8        0x4 ./X-CUBE-AI/App/combination.o
 .data.__compound_literal.142
                0x00000000200011dc        0xc ./X-CUBE-AI/App/combination.o
 .data.__compound_literal.144
                0x00000000200011e8       0x30 ./X-CUBE-AI/App/combination.o
 .data.__compound_literal.145
                0x0000000020001218       0x10 ./X-CUBE-AI/App/combination.o
 .data.input_60_layer
                0x0000000020001228       0x44 ./X-CUBE-AI/App/combination.o
 .data.__compound_literal.146