../Drivers/CMSIS/Include/core_cm7.h:2229:22:SCB_EnableICache	4	static,ignoring_inline_asm
../Drivers/CMSIS/Include/core_cm7.h:2281:22:SCB_EnableDCache	24	static,ignoring_inline_asm
../Core/Src/main.c:137:5:main	16	static
../Core/Src/main.c:307:6:SystemClock_Config	88	static
../Core/Src/main.c:364:13:MX_CRC_Init	8	static
../Core/Src/main.c:395:13:MX_ETH_Init	8	static
../Core/Src/main.c:444:13:MX_TIM14_Init	8	static
../Core/Src/main.c:475:13:MX_USART3_UART_Init	8	static
../Core/Src/main.c:510:13:MX_USB_OTG_FS_PCD_Init	8	static
../Core/Src/main.c:545:13:MX_GPIO_Init	56	static
../Core/Src/main.c:596:10:get_y_pred	24	static
../Core/Src/main.c:613:6:Error_Handler	4	static,ignoring_inline_asm
