../Drivers/CMSIS/Include/core_cm7.h:2229:22:SCB_EnableICache	4	static,ignoring_inline_asm
../Drivers/CMSIS/Include/core_cm7.h:2281:22:SCB_EnableDCache	24	static,ignoring_inline_asm
../Core/Src/main.c:132:5:main	16	static
../Core/Src/main.c:301:6:SystemClock_Config	88	static
../Core/Src/main.c:358:13:MX_CRC_Init	8	static
../Core/Src/main.c:389:13:MX_ETH_Init	8	static
../Core/Src/main.c:438:13:MX_TIM14_Init	8	static
../Core/Src/main.c:469:13:MX_USART3_UART_Init	8	static
../Core/Src/main.c:504:13:MX_USB_OTG_FS_PCD_Init	8	static
../Core/Src/main.c:539:13:MX_GPIO_Init	56	static
../Core/Src/main.c:590:10:get_y_pred	24	static
../Core/Src/main.c:607:6:Error_Handler	4	static,ignoring_inline_asm
